Archive member included because of file (symbol)

board/omap3beagle/libomap3beagle.a(platform.o)
                              cpu/omap3/start.o (cpy_clk_code)
board/omap3beagle/libomap3beagle.a(omap3beagle.o)
                              board/omap3beagle/libomap3beagle.a(platform.o) (s_init)
cpu/omap3/libomap3.a(mmc.o)   board/omap3beagle/libomap3beagle.a(omap3beagle.o) (mmc_get_dev)
cpu/omap3/libomap3.a(gpio.o)  board/omap3beagle/libomap3beagle.a(omap3beagle.o) (omap_free_gpio)
lib/libarm.a(_udivsi3.o)      cpu/omap3/libomap3.a(mmc.o) (__udivsi3)
lib/libarm.a(board.o)         cpu/omap3/start.o (hang)
lib/libarm.a(printf.o)        board/omap3beagle/libomap3beagle.a(omap3beagle.o) (serial_printf)
lib/libarm.a(div0.o)          lib/libarm.a(_udivsi3.o) (__div0)
lib/libarm.a(_umodsi3.o)      lib/libarm.a(printf.o) (__umodsi3)
fs/fat/libfat.a(fat.o)        board/omap3beagle/libomap3beagle.a(omap3beagle.o) (file_fat_read)
disk/libdisk.a(part.o)        fs/fat/libfat.a(fat.o) (dev_print)
drivers/libdrivers.a(serial.o)
                              lib/libarm.a(printf.o) (serial_puts)
drivers/libdrivers.a(ns16550.o)
                              drivers/libdrivers.a(serial.o) (NS16550_init)
drivers/libdrivers.a(onenand.o)
                              lib/libarm.a(board.o) (onenand_read_block)
drivers/libdrivers.a(k9f1g08r0a.o)
                              lib/libarm.a(board.o) (nand_read_block)
cpu/omap3/libomap3.a(cpu.o)   lib/libarm.a(board.o) (cpu_init)
lib/libarm.a(ecc.o)           drivers/libdrivers.a(k9f1g08r0a.o) (nand_calculate_ecc)

Memory Configuration

Name             Origin             Length             Attributes
*default*        0x00000000         0xffffffff

Linker script and memory map

                0x00000000                . = 0x0
                0x00000000                . = ALIGN (0x4)

.text           0x40200800     0x488c
 cpu/omap3/start.o(.text)
 .text          0x40200800      0x180 cpu/omap3/start.o
                0x40200840                _end_vect
                0x40200848                _bss_start
                0x4020084c                _bss_end
                0x40200844                _armboot_start
                0x40200800                _start
 *(.text)
 .text          0x40200980      0x604 board/omap3beagle/libomap3beagle.a(platform.o)
                0x40200f74                get_36x_core_dpll_param
                0x40200f6c                get_36x_iva_dpll_param
                0x40200ab0                lowlevel_init
                0x40200e0c                get_per_dpll_param
                0x40200984                cpy_clk_code
                0x40200f64                get_36x_mpu_dpll_param
                0x40200cbc                get_iva_dpll_param
                0x40200db4                get_core_dpll_param
                0x40200bc4                get_mpu_dpll_param
                0x402009a8                go_to_speed
                0x40200f7c                get_36x_per_dpll_param
 .text          0x40200f84     0x1600 board/omap3beagle/libomap3beagle.a(omap3beagle.o)
                0x402013f4                dram_init
                0x40201168                get_osc_clk_speed
                0x402018e4                blinkLEDs
                0x402019b4                nand_init
                0x40201124                wait_on_value
                0x40201374                wait_for_command_complete
                0x40201104                sr32
                0x40201928                mmc_boot
                0x4020135c                try_unlock_memory
                0x402012f0                secure_unlock
                0x40200fac                get_sysboot_value
                0x40201088                is_cpu_family
                0x40200f90                board_init
                0x4020191c                board_hang
                0x40202318                beagle_revision
                0x40201284                get_sys_clkin_sel
                0x40200f98                get_device_type
                0x4020255c                s_init
                0x402018dc                nor_read_boot
                0x40201074                get_cpu_rev
                0x40202424                config_3430sdram_ddr
                0x402010d0                cpu_is_3410
                0x402013fc                per_clocks_enable
                0x40201668                set_muxconf_regs
                0x402023a4                misc_init_r
                0x40201384                watchdog_init
                0x40200fc0                get_mem_type
                0x40201afc                prcm_init
 .text          0x40202584      0x8b8 cpu/omap3/libomap3.a(mmc.o)
                0x40202590                mmc_board_init
                0x40202884                mmc_detect_card
                0x40202c20                configure_mmc
                0x402027f8                mmc_read_data
                0x40202764                mmc_send_cmd
                0x40202dbc                mmc_write
                0x402026d0                mmc_init_setup
                0x40202dcc                mmc_init
                0x402025bc                mmc_init_stream
                0x40202584                mmc_get_dev
                0x40202dc4                mmc2info
                0x40202ab0                mmc_read_cardsize
                0x40202d98                mmc_bread
                0x40202db4                mmc_read
                0x40202b9c                omap_mmc_read_sect
                0x40202638                mmc_clock_config
 .text          0x40202e3c      0x1d0 cpu/omap3/libomap3.a(gpio.o)
                0x40202f60                omap_set_gpio_direction
                0x40202ebc                omap_free_gpio
                0x40202ef8                omap_request_gpio
                0x40202fa0                omap_set_gpio_dataout
                0x40202f10                omap_get_gpio_datain
 .text          0x4020300c       0x98 lib/libarm.a(_udivsi3.o)
                0x4020300c                __udivsi3
 .text          0x402030a4      0x14c lib/libarm.a(board.o)
                0x402030a4                hang
                0x402030b8                print_info
                0x402030d0                start_armboot
 .text          0x402031f0      0x6d4 lib/libarm.a(printf.o)
                0x402034bc                serial_printf
                0x402031f0                strnlen
 .text          0x402038c4        0x4 lib/libarm.a(div0.o)
                0x402038c4                __div0
 .text          0x402038c8       0xb4 lib/libarm.a(_umodsi3.o)
                0x402038c8                __umodsi3
 .text          0x4020397c      0xcb0 fs/fat/libfat.a(fat.o)
                0x402039fc                strcpy
                0x40203a50                memcpy
                0x402043e4                file_fat_read
                0x402039ac                strncmp
                0x40203e1c                do_fat_read
                0x402043ec                file_fat_ls
                0x40203a18                strcmp
                0x402044e0                file_fat_detectfs
                0x40203a74                disk_read
                0x402043fc                fat_register_device
 .text          0x4020462c      0x178 disk/libdisk.a(part.o)
                0x4020462c                dev_print
 .text          0x402047a4       0xa4 drivers/libdrivers.a(serial.o)
                0x402047a4                serial_setbrg
                0x402047b4                serial_tstc
                0x402047d4                serial_putc
                0x4020482c                serial_init
                0x40204804                serial_puts
                0x402047c0                serial_getc
 .text          0x40204848       0xb4 drivers/libdrivers.a(ns16550.o)
                0x402048c4                NS16550_putc
                0x40204848                NS16550_init
                0x402048f0                NS16550_tstc
                0x402048dc                NS16550_getc
                0x4020488c                NS16550_reinit
 .text          0x402048fc      0x16c drivers/libdrivers.a(onenand.o)
                0x402049f8                onenand_chip
                0x402048fc                onenand_read_block
 .text          0x40204a68      0x38c drivers/libdrivers.a(k9f1g08r0a.o)
                0x40204b1c                nand_read_block
                0x40204d08                nand_chip
 .text          0x40204df4        0x8 cpu/omap3/libomap3.a(cpu.o)
                0x40204df4                cpu_init
 .text          0x40204dfc      0x290 lib/libarm.a(ecc.o)
                0x40204f00                nand_correct_data
                0x40204dfc                nand_calculate_ecc

.glue_7         0x4020508c        0x0
 .glue_7        0x00000000        0x0 linker stubs

.glue_7t        0x4020508c        0x0
 .glue_7t       0x00000000        0x0 linker stubs

.vfp11_veneer   0x4020508c        0x0
 .vfp11_veneer  0x00000000        0x0 linker stubs

.v4_bx          0x4020508c        0x0
 .v4_bx         0x00000000        0x0 linker stubs
                0x4020508c                . = ALIGN (0x4)

.rodata         0x4020508c      0x156
 *(.rodata)
 .rodata        0x4020508c       0x30 cpu/omap3/libomap3.a(mmc.o)
 .rodata        0x402050bc        0xe lib/libarm.a(board.o)
 .rodata        0x402050ca       0x18 drivers/libdrivers.a(k9f1g08r0a.o)
 .rodata        0x402050e2      0x100 lib/libarm.a(ecc.o)

.rodata.str1.1  0x402051e2      0x5a5
 .rodata.str1.1
                0x402051e2      0x101 board/omap3beagle/libomap3beagle.a(omap3beagle.o)
 .rodata.str1.1
                0x402052e3       0x52 cpu/omap3/libomap3.a(gpio.o)
 .rodata.str1.1
                0x40205335       0xb8 lib/libarm.a(board.o)
 .rodata.str1.1
                0x402053ed       0x51 lib/libarm.a(printf.o)
 .rodata.str1.1
                0x4020543e      0x18c fs/fat/libfat.a(fat.o)
                                0x18d (size before relaxing)
 .rodata.str1.1
                0x402055ca       0xe5 disk/libdisk.a(part.o)
 .rodata.str1.1
                0x402056af       0x87 drivers/libdrivers.a(onenand.o)
 .rodata.str1.1
                0x40205736       0x51 drivers/libdrivers.a(k9f1g08r0a.o)
                                 0x53 (size before relaxing)
                0x40205788                . = ALIGN (0x4)

.data           0x40205788       0x54
 *(.data)
 .data          0x40205788        0x0 cpu/omap3/start.o
 .data          0x40205788        0x0 board/omap3beagle/libomap3beagle.a(platform.o)
 .data          0x40205788        0x0 board/omap3beagle/libomap3beagle.a(omap3beagle.o)
 .data          0x40205788        0x0 cpu/omap3/libomap3.a(mmc.o)
 .data          0x40205788       0x30 cpu/omap3/libomap3.a(gpio.o)
 .data          0x402057b8        0x0 lib/libarm.a(_udivsi3.o)
 .data          0x402057b8       0x18 lib/libarm.a(board.o)
                0x402057b8                init_sequence
 .data          0x402057d0        0x0 lib/libarm.a(printf.o)
 .data          0x402057d0        0x0 lib/libarm.a(div0.o)
 .data          0x402057d0        0x0 lib/libarm.a(_umodsi3.o)
 .data          0x402057d0        0xc fs/fat/libfat.a(fat.o)
                0x402057d0                fnamecopy
                0x402057d4                do_fat_read_block
 .data          0x402057dc        0x0 disk/libdisk.a(part.o)
 .data          0x402057dc        0x0 drivers/libdrivers.a(serial.o)
 .data          0x402057dc        0x0 drivers/libdrivers.a(ns16550.o)
 .data          0x402057dc        0x0 drivers/libdrivers.a(onenand.o)
 .data          0x402057dc        0x0 drivers/libdrivers.a(k9f1g08r0a.o)
 .data          0x402057dc        0x0 cpu/omap3/libomap3.a(cpu.o)
 .data          0x402057dc        0x0 lib/libarm.a(ecc.o)
                0x402057dc                . = ALIGN (0x4)

.got
 *(.got)
                0x402057dc                . = ALIGN (0x4)
                0x402057dc                __bss_start = .

.bss            0x402057dc     0x30f8
 *(.bss)
 .bss           0x402057dc        0x0 cpu/omap3/start.o
 .bss           0x402057dc        0x0 board/omap3beagle/libomap3beagle.a(platform.o)
 .bss           0x402057dc        0x0 board/omap3beagle/libomap3beagle.a(omap3beagle.o)
 .bss           0x402057dc       0x78 cpu/omap3/libomap3.a(mmc.o)
                0x40205840                cur_card_data
 .bss           0x40205854        0x0 cpu/omap3/libomap3.a(gpio.o)
 .bss           0x40205854        0x0 lib/libarm.a(_udivsi3.o)
 .bss           0x40205854        0x0 lib/libarm.a(board.o)
 .bss           0x40205854        0x0 lib/libarm.a(printf.o)
 .bss           0x40205854        0x0 lib/libarm.a(div0.o)
 .bss           0x40205854        0x0 lib/libarm.a(_umodsi3.o)
 .bss           0x40205854     0x3078 fs/fat/libfat.a(fat.o)
                0x4020589c                volinfo
                0x402058b8                datablock
                0x4020585c                bs
 .bss           0x402088cc        0x0 disk/libdisk.a(part.o)
 .bss           0x402088cc        0x0 drivers/libdrivers.a(serial.o)
 .bss           0x402088cc        0x0 drivers/libdrivers.a(ns16550.o)
 .bss           0x402088cc        0x0 drivers/libdrivers.a(onenand.o)
 .bss           0x402088cc        0x8 drivers/libdrivers.a(k9f1g08r0a.o)
                0x402088d0                is_ddr_166M
 .bss           0x402088d4        0x0 cpu/omap3/libomap3.a(cpu.o)
 .bss           0x402088d4        0x0 lib/libarm.a(ecc.o)
                0x402088d4                _end = .
Address of section .text set to 0x40200800
LOAD cpu/omap3/start.o
START GROUP
LOAD board/omap3beagle/libomap3beagle.a
LOAD cpu/omap3/libomap3.a
LOAD lib/libarm.a
LOAD fs/fat/libfat.a
LOAD disk/libdisk.a
LOAD drivers/libdrivers.a
END GROUP
LOAD /home/ourselec/mtp3730_linux/psp/arm-2009q1/bin/../lib/gcc/arm-none-linux-gnueabi/4.3.3/libgcc.a
OUTPUT(x-load elf32-littlearm)

.ARM.attributes
                0x00000000       0x10
 .ARM.attributes
                0x00000000       0x10 cpu/omap3/start.o
 .ARM.attributes
                0x00000010       0x10 board/omap3beagle/libomap3beagle.a(platform.o)
 .ARM.attributes
                0x00000020       0x10 board/omap3beagle/libomap3beagle.a(omap3beagle.o)
 .ARM.attributes
                0x00000030       0x10 cpu/omap3/libomap3.a(mmc.o)
 .ARM.attributes
                0x00000040       0x10 cpu/omap3/libomap3.a(gpio.o)
 .ARM.attributes
                0x00000050       0x10 lib/libarm.a(_udivsi3.o)
 .ARM.attributes
                0x00000060       0x10 lib/libarm.a(board.o)
 .ARM.attributes
                0x00000070       0x10 lib/libarm.a(printf.o)
 .ARM.attributes
                0x00000080       0x10 lib/libarm.a(div0.o)
 .ARM.attributes
                0x00000090       0x10 lib/libarm.a(_umodsi3.o)
 .ARM.attributes
                0x000000a0       0x10 fs/fat/libfat.a(fat.o)
 .ARM.attributes
                0x000000b0       0x10 disk/libdisk.a(part.o)
 .ARM.attributes
                0x000000c0       0x10 drivers/libdrivers.a(serial.o)
 .ARM.attributes
                0x000000d0       0x10 drivers/libdrivers.a(ns16550.o)
 .ARM.attributes
                0x000000e0       0x10 drivers/libdrivers.a(onenand.o)
 .ARM.attributes
                0x000000f0       0x10 drivers/libdrivers.a(k9f1g08r0a.o)
 .ARM.attributes
                0x00000100       0x10 cpu/omap3/libomap3.a(cpu.o)
 .ARM.attributes
                0x00000110       0x10 lib/libarm.a(ecc.o)

.comment        0x00000000      0x25a
 .comment       0x00000000       0x2b board/omap3beagle/libomap3beagle.a(omap3beagle.o)
 .comment       0x0000002b       0x2b cpu/omap3/libomap3.a(mmc.o)
 .comment       0x00000056       0x2b cpu/omap3/libomap3.a(gpio.o)
 .comment       0x00000081       0x2b lib/libarm.a(board.o)
 .comment       0x000000ac       0x2b lib/libarm.a(printf.o)
 .comment       0x000000d7       0x2b lib/libarm.a(div0.o)
 .comment       0x00000102       0x2b fs/fat/libfat.a(fat.o)
 .comment       0x0000012d       0x2b disk/libdisk.a(part.o)
 .comment       0x00000158       0x2b drivers/libdrivers.a(serial.o)
 .comment       0x00000183       0x2b drivers/libdrivers.a(ns16550.o)
 .comment       0x000001ae       0x2b drivers/libdrivers.a(onenand.o)
 .comment       0x000001d9       0x2b drivers/libdrivers.a(k9f1g08r0a.o)
 .comment       0x00000204       0x2b cpu/omap3/libomap3.a(cpu.o)
 .comment       0x0000022f       0x2b lib/libarm.a(ecc.o)

.note.GNU-stack
                0x00000000        0x0
 .note.GNU-stack
                0x00000000        0x0 board/omap3beagle/libomap3beagle.a(omap3beagle.o)
 .note.GNU-stack
                0x00000000        0x0 cpu/omap3/libomap3.a(mmc.o)
 .note.GNU-stack
                0x00000000        0x0 cpu/omap3/libomap3.a(gpio.o)
 .note.GNU-stack
                0x00000000        0x0 lib/libarm.a(board.o)
 .note.GNU-stack
                0x00000000        0x0 lib/libarm.a(printf.o)
 .note.GNU-stack
                0x00000000        0x0 lib/libarm.a(div0.o)
 .note.GNU-stack
                0x00000000        0x0 fs/fat/libfat.a(fat.o)
 .note.GNU-stack
                0x00000000        0x0 disk/libdisk.a(part.o)
 .note.GNU-stack
                0x00000000        0x0 drivers/libdrivers.a(serial.o)
 .note.GNU-stack
                0x00000000        0x0 drivers/libdrivers.a(ns16550.o)
 .note.GNU-stack
                0x00000000        0x0 drivers/libdrivers.a(onenand.o)
 .note.GNU-stack
                0x00000000        0x0 drivers/libdrivers.a(k9f1g08r0a.o)
 .note.GNU-stack
                0x00000000        0x0 cpu/omap3/libomap3.a(cpu.o)
 .note.GNU-stack
                0x00000000        0x0 lib/libarm.a(ecc.o)

.stab           0x00000000      0xbd0
 .stab          0x00000000      0x378 cpu/omap3/start.o
 .stab          0x00000378      0x3e4 board/omap3beagle/libomap3beagle.a(platform.o)
                                0x3f0 (size before relaxing)
 .stab          0x0000075c      0x210 lib/libarm.a(_udivsi3.o)
                                0x21c (size before relaxing)
 .stab          0x0000096c      0x264 lib/libarm.a(_umodsi3.o)
                                0x270 (size before relaxing)

.stabstr        0x00000000      0x15f
 .stabstr       0x00000000      0x15f cpu/omap3/start.o

.debug_abbrev   0x00000000     0x15da
 .debug_abbrev  0x00000000      0x2d0 board/omap3beagle/libomap3beagle.a(omap3beagle.o)
 .debug_abbrev  0x000002d0      0x281 cpu/omap3/libomap3.a(mmc.o)
 .debug_abbrev  0x00000551      0x1c5 cpu/omap3/libomap3.a(gpio.o)
 .debug_abbrev  0x00000716       0xe8 lib/libarm.a(board.o)
 .debug_abbrev  0x000007fe      0x1fe lib/libarm.a(printf.o)
 .debug_abbrev  0x000009fc       0x29 lib/libarm.a(div0.o)
 .debug_abbrev  0x00000a25      0x361 fs/fat/libfat.a(fat.o)
 .debug_abbrev  0x00000d86       0xf2 disk/libdisk.a(part.o)
 .debug_abbrev  0x00000e78      0x14c drivers/libdrivers.a(serial.o)
 .debug_abbrev  0x00000fc4      0x116 drivers/libdrivers.a(ns16550.o)
 .debug_abbrev  0x000010da      0x118 drivers/libdrivers.a(onenand.o)
 .debug_abbrev  0x000011f2      0x252 drivers/libdrivers.a(k9f1g08r0a.o)
 .debug_abbrev  0x00001444       0x4a cpu/omap3/libomap3.a(cpu.o)
 .debug_abbrev  0x0000148e      0x14c lib/libarm.a(ecc.o)

.debug_info     0x00000000     0x4444
 .debug_info    0x00000000      0xb07 board/omap3beagle/libomap3beagle.a(omap3beagle.o)
 .debug_info    0x00000b07      0xfdb cpu/omap3/libomap3.a(mmc.o)
 .debug_info    0x00001ae2      0x3d9 cpu/omap3/libomap3.a(gpio.o)
 .debug_info    0x00001ebb      0x154 lib/libarm.a(board.o)
 .debug_info    0x0000200f      0x3de lib/libarm.a(printf.o)
 .debug_info    0x000023ed       0x39 lib/libarm.a(div0.o)
 .debug_info    0x00002426      0xf96 fs/fat/libfat.a(fat.o)
 .debug_info    0x000033bc      0x24c disk/libdisk.a(part.o)
 .debug_info    0x00003608      0x299 drivers/libdrivers.a(serial.o)
 .debug_info    0x000038a1      0x254 drivers/libdrivers.a(ns16550.o)
 .debug_info    0x00003af5      0x20e drivers/libdrivers.a(onenand.o)
 .debug_info    0x00003d03      0x404 drivers/libdrivers.a(k9f1g08r0a.o)
 .debug_info    0x00004107       0x8d cpu/omap3/libomap3.a(cpu.o)
 .debug_info    0x00004194      0x2b0 lib/libarm.a(ecc.o)

.debug_line     0x00000000     0x13bb
 .debug_line    0x00000000      0x3d1 board/omap3beagle/libomap3beagle.a(omap3beagle.o)
 .debug_line    0x000003d1      0x23e cpu/omap3/libomap3.a(mmc.o)
 .debug_line    0x0000060f      0x147 cpu/omap3/libomap3.a(gpio.o)
 .debug_line    0x00000756       0xb8 lib/libarm.a(board.o)
 .debug_line    0x0000080e      0x237 lib/libarm.a(printf.o)
 .debug_line    0x00000a45       0x38 lib/libarm.a(div0.o)
 .debug_line    0x00000a7d      0x2c5 fs/fat/libfat.a(fat.o)
 .debug_line    0x00000d42      0x116 disk/libdisk.a(part.o)
 .debug_line    0x00000e58       0xaf drivers/libdrivers.a(serial.o)
 .debug_line    0x00000f07       0xbb drivers/libdrivers.a(ns16550.o)
 .debug_line    0x00000fc2       0xcc drivers/libdrivers.a(onenand.o)
 .debug_line    0x0000108e      0x1d5 drivers/libdrivers.a(k9f1g08r0a.o)
 .debug_line    0x00001263       0x36 cpu/omap3/libomap3.a(cpu.o)
 .debug_line    0x00001299      0x122 lib/libarm.a(ecc.o)

.debug_frame    0x00000000      0xa14
 .debug_frame   0x00000000      0x2a0 board/omap3beagle/libomap3beagle.a(omap3beagle.o)
 .debug_frame   0x000002a0      0x180 cpu/omap3/libomap3.a(mmc.o)
 .debug_frame   0x00000420       0xdc cpu/omap3/libomap3.a(gpio.o)
 .debug_frame   0x000004fc       0x54 lib/libarm.a(board.o)
 .debug_frame   0x00000550       0x88 lib/libarm.a(printf.o)
 .debug_frame   0x000005d8       0x20 lib/libarm.a(div0.o)
 .debug_frame   0x000005f8      0x1a4 fs/fat/libfat.a(fat.o)
 .debug_frame   0x0000079c       0x38 disk/libdisk.a(part.o)
 .debug_frame   0x000007d4       0x94 drivers/libdrivers.a(serial.o)
 .debug_frame   0x00000868       0x6c drivers/libdrivers.a(ns16550.o)
 .debug_frame   0x000008d4       0x44 drivers/libdrivers.a(onenand.o)
 .debug_frame   0x00000918       0x8c drivers/libdrivers.a(k9f1g08r0a.o)
 .debug_frame   0x000009a4       0x20 cpu/omap3/libomap3.a(cpu.o)
 .debug_frame   0x000009c4       0x50 lib/libarm.a(ecc.o)

.debug_loc      0x00000000     0x236b
 .debug_loc     0x00000000      0x597 board/omap3beagle/libomap3beagle.a(omap3beagle.o)
 .debug_loc     0x00000597      0x6c3 cpu/omap3/libomap3.a(mmc.o)
 .debug_loc     0x00000c5a      0x297 cpu/omap3/libomap3.a(gpio.o)
 .debug_loc     0x00000ef1       0x3e lib/libarm.a(board.o)
 .debug_loc     0x00000f2f      0x473 lib/libarm.a(printf.o)
 .debug_loc     0x000013a2      0x953 fs/fat/libfat.a(fat.o)
 .debug_loc     0x00001cf5       0x9a disk/libdisk.a(part.o)
 .debug_loc     0x00001d8f       0xb8 drivers/libdrivers.a(serial.o)
 .debug_loc     0x00001e47       0x6b drivers/libdrivers.a(ns16550.o)
 .debug_loc     0x00001eb2       0xab drivers/libdrivers.a(onenand.o)
 .debug_loc     0x00001f5d      0x144 drivers/libdrivers.a(k9f1g08r0a.o)
 .debug_loc     0x000020a1      0x2ca lib/libarm.a(ecc.o)

.debug_pubnames
                0x00000000      0x732
 .debug_pubnames
                0x00000000      0x206 board/omap3beagle/libomap3beagle.a(omap3beagle.o)
 .debug_pubnames
                0x00000206      0x13c cpu/omap3/libomap3.a(mmc.o)
 .debug_pubnames
                0x00000342       0x8a cpu/omap3/libomap3.a(gpio.o)
 .debug_pubnames
                0x000003cc       0x4e lib/libarm.a(board.o)
 .debug_pubnames
                0x0000041a       0x30 lib/libarm.a(printf.o)
 .debug_pubnames
                0x0000044a       0x1d lib/libarm.a(div0.o)
 .debug_pubnames
                0x00000467       0xf2 fs/fat/libfat.a(fat.o)
 .debug_pubnames
                0x00000559       0x20 disk/libdisk.a(part.o)
 .debug_pubnames
                0x00000579       0x74 drivers/libdrivers.a(serial.o)
 .debug_pubnames
                0x000005ed       0x69 drivers/libdrivers.a(ns16550.o)
 .debug_pubnames
                0x00000656       0x3a drivers/libdrivers.a(onenand.o)
 .debug_pubnames
                0x00000690       0x44 drivers/libdrivers.a(k9f1g08r0a.o)
 .debug_pubnames
                0x000006d4       0x1f cpu/omap3/libomap3.a(cpu.o)
 .debug_pubnames
                0x000006f3       0x3f lib/libarm.a(ecc.o)

.debug_aranges  0x00000000      0x1c0
 .debug_aranges
                0x00000000       0x20 board/omap3beagle/libomap3beagle.a(omap3beagle.o)
 .debug_aranges
                0x00000020       0x20 cpu/omap3/libomap3.a(mmc.o)
 .debug_aranges
                0x00000040       0x20 cpu/omap3/libomap3.a(gpio.o)
 .debug_aranges
                0x00000060       0x20 lib/libarm.a(board.o)
 .debug_aranges
                0x00000080       0x20 lib/libarm.a(printf.o)
 .debug_aranges
                0x000000a0       0x20 lib/libarm.a(div0.o)
 .debug_aranges
                0x000000c0       0x20 fs/fat/libfat.a(fat.o)
 .debug_aranges
                0x000000e0       0x20 disk/libdisk.a(part.o)
 .debug_aranges
                0x00000100       0x20 drivers/libdrivers.a(serial.o)
 .debug_aranges
                0x00000120       0x20 drivers/libdrivers.a(ns16550.o)
 .debug_aranges
                0x00000140       0x20 drivers/libdrivers.a(onenand.o)
 .debug_aranges
                0x00000160       0x20 drivers/libdrivers.a(k9f1g08r0a.o)
 .debug_aranges
                0x00000180       0x20 cpu/omap3/libomap3.a(cpu.o)
 .debug_aranges
                0x000001a0       0x20 lib/libarm.a(ecc.o)

.debug_ranges   0x00000000      0x350
 .debug_ranges  0x00000000      0x158 board/omap3beagle/libomap3beagle.a(omap3beagle.o)
 .debug_ranges  0x00000158       0x70 cpu/omap3/libomap3.a(gpio.o)
 .debug_ranges  0x000001c8       0x68 lib/libarm.a(printf.o)
 .debug_ranges  0x00000230       0xe8 fs/fat/libfat.a(fat.o)
 .debug_ranges  0x00000318       0x38 drivers/libdrivers.a(k9f1g08r0a.o)

.debug_str      0x00000000     0x14f1
 .debug_str     0x00000000      0x3ea board/omap3beagle/libomap3beagle.a(omap3beagle.o)
                                0x489 (size before relaxing)
 .debug_str     0x000003ea      0x6e5 cpu/omap3/libomap3.a(mmc.o)
                                0x82a (size before relaxing)
 .debug_str     0x00000acf       0xc9 cpu/omap3/libomap3.a(gpio.o)
                                0x1ee (size before relaxing)
 .debug_str     0x00000b98       0x9a lib/libarm.a(board.o)
                                0x134 (size before relaxing)
 .debug_str     0x00000c32       0xb3 lib/libarm.a(printf.o)
                                0x1bc (size before relaxing)
 .debug_str     0x00000ce5        0xe lib/libarm.a(div0.o)
                                 0x5e (size before relaxing)
 .debug_str     0x00000cf3      0x485 fs/fat/libfat.a(fat.o)
                                0x620 (size before relaxing)
 .debug_str     0x00001178       0x7b disk/libdisk.a(part.o)
                                0x199 (size before relaxing)
 .debug_str     0x000011f3       0xfd drivers/libdrivers.a(serial.o)
                                0x192 (size before relaxing)
 .debug_str     0x000012f0       0x63 drivers/libdrivers.a(ns16550.o)
                                0x109 (size before relaxing)
 .debug_str     0x00001353       0x68 drivers/libdrivers.a(onenand.o)
                                0x168 (size before relaxing)
 .debug_str     0x000013bb       0xa8 drivers/libdrivers.a(k9f1g08r0a.o)
                                0x1e2 (size before relaxing)
 .debug_str     0x00001463        0xf cpu/omap3/libomap3.a(cpu.o)
                                 0xee (size before relaxing)
 .debug_str     0x00001472       0x7f lib/libarm.a(ecc.o)
                                0x168 (size before relaxing)
