80e80000 T _start
80e80020 t _undefined_instruction
80e80024 t _software_interrupt
80e80028 t _prefetch_abort
80e8002c t _data_abort
80e80030 t _not_used
80e80034 t _irq
80e80038 t _fiq
80e8003c t _pad
80e80040 T _end_vect
80e80040 t _TEXT_BASE
80e80044 T _armboot_start
80e80048 T _bss_start
80e8004c T _bss_end
80e80050 t reset
80e80084 t next
80e8009c t relocate
80e800bc t copy_loop
80e800cc t stack_setup
80e800e0 t clear_bss
80e800ec t clbss_l
80e80100 t _start_armboot
80e80104 t cpu_init_crit
80e80140 t undefined_instruction
80e801a0 t software_interrupt
80e80200 t prefetch_abort
80e80260 t data_abort
80e802c0 t not_used
80e80320 t irq
80e80380 t fiq
80e803e0 T secure_unlock_mem
80e8047c T secureworld_exit
80e804a8 T setup_auxcr
80e804f0 T wait_for_command_complete
80e80504 T abort
80e80508 t do_switch_ecc
80e805f0 T checkboard
80e80630 T watchdog_init
80e806ac T try_unlock_memory
80e806f4 T s_init
80e80754 T get_osc_clk_speed
80e80898 T get_sys_clkin_sel
80e80904 T set_mpu_clk
80e8093c T per_clocks_enable
80e80ba8 T prcm_init
80e81708 T sdelay
80e81714 T sr32
80e81730 T wait_on_value
80e81774 T identify_cpu
80e818cc T arch_cpu_init
80e818dc T is_cpu_family
80e818f8 T get_cpu_rev
80e81908 T get_gpmc0_base
80e81924 T get_gpmc0_width
80e8192c T get_board_rev
80e81934 T get_base
80e81940 T is_running_in_flash
80e81958 T is_running_in_sram
80e81970 T is_running_in_sdram
80e81988 T get_boot_type
80e8199c T get_device_type
80e819b4 T print_cpuinfo
80e81b58 T dieid_num_r
80e81bec T is_mem_sdr
80e81c08 T get_sdr_cs_size
80e81c30 T make_cs1_contiguous
80e81c60 T get_sdr_cs_offset
80e81c7c T do_sdrc_init
80e81dc4 T mem_init
80e81dd0 T dram_init
80e81e54 t _TEXT_BASE
80e81e58 T cpy_clk_code
80e81e68 t next2
80e81e7c T go_to_speed
80e81e88 t wait1
80e81f18 t wait2
80e81f40 t _go_to_speed
80e81f44 t flash_cfg1_addr
80e81f48 t flash_cfg3_addr
80e81f4c t flash_cfg3_val
80e81f50 t flash_cfg4_addr
80e81f54 t flash_cfg4_val
80e81f58 t flash_cfg5_val
80e81f5c t flash_cfg5_addr
80e81f60 t pll_ctl_add
80e81f64 t pll_div_add1
80e81f68 t pll_div_add2
80e81f6c t pll_div_add3
80e81f70 t pll_div_val3
80e81f74 t pll_div_add4
80e81f78 t pll_div_val4
80e81f7c t pll_div_add5
80e81f80 t pll_div_val5
80e81f84 T lowlevel_init
80e81fa0 t REG_CONTROL_STATUS
80e81fa4 t SRAM_STACK
80e81fa8 t mpu_dpll_param
80e82098 T get_mpu_dpll_param
80e820a0 t iva_dpll_param
80e82190 T get_iva_dpll_param
80e82198 t core_dpll_param
80e82288 T get_core_dpll_param
80e82290 t per_dpll_param
80e822e0 T get_per_dpll_param
80e822e8 t mpu_36x_dpll_param
80e82328 t iva_36x_dpll_param
80e82368 t core_36x_dpll_param
80e823a8 t per_36x_dpll_param
80e82438 T get_36x_mpu_dpll_param
80e82440 T get_36x_iva_dpll_param
80e82448 T get_36x_core_dpll_param
80e82450 T get_36x_per_dpll_param
80e82460 T invalidate_dcache
80e82470 t smi
80e82490 t inval_loop1
80e824d0 t inval_loop2
80e824d4 t inval_loop3
80e824f0 t skip_inval
80e824fc t finished_inval
80e8250c T l2_cache_enable
80e8254c t l2_cache_enable_LATER_THAN_ES2
80e8255c t l2_cache_enable_EARLIER_THAN_ES2
80e82584 t l2_cache_enable_END
80e82588 T l2_cache_disable
80e825b8 t l2_cache_disable_LATER_THAN_ES2
80e825c8 t l2_cache_disable_EARLIER_THAN_ES2
80e825f0 t l2_cache_disable_END
80e82600 T enable_gpmc_cs_config
80e82678 T gpmc_init
80e82748 T mem_ok
80e82790 T __coloured_LED_init
80e82790 W coloured_LED_init
80e82794 T __red_LED_on
80e82794 W red_LED_on
80e82798 T __red_LED_off
80e82798 W red_LED_off
80e8279c T __green_LED_on
80e8279c W green_LED_on
80e827a0 T __green_LED_off
80e827a0 W green_LED_off
80e827a4 T __yellow_LED_on
80e827a4 W yellow_LED_on
80e827a8 T __yellow_LED_off
80e827a8 W yellow_LED_off
80e827ac T __blue_LED_on
80e827ac W blue_LED_on
80e827b0 T __blue_LED_off
80e827b0 W blue_LED_off
80e827b4 T hang
80e827c4 t display_dram_config
80e82808 t init_func_i2c
80e8283c t display_banner
80e8285c t init_baudrate
80e828bc T start_armboot
80e829dc t get_cr
80e829e4 t set_cr
80e829ec t cp_delay
80e82a1c t cache_enable
80e82a3c t cache_disable
80e82a5c T icache_enable
80e82a64 T icache_disable
80e82a6c T icache_status
80e82a80 T dcache_enable
80e82a88 T dcache_disable
80e82a90 T dcache_status
80e82aa4 T enable_interrupts
80e82aa8 T disable_interrupts
80e82ab0 T show_regs
80e82bf0 T bad_mode
80e82c0c T do_irq
80e82c30 T do_fiq
80e82c54 T do_not_used
80e82c78 T do_data_abort
80e82c9c T do_prefetch_abort
80e82cc0 T do_software_interrupt
80e82ce4 T do_undefined_instruction
80e82d08 t wait_for_bb
80e82d7c t wait_for_pin
80e82de8 t flush_fifo
80e82e14 T i2c_probe
80e82ec4 T i2c_init
80e82fe8 T i2c_set_bus_num
80e83074 T i2c_write
80e831f4 T i2c_read
80e833a0 T nand_init
80e83480 t generic_ffs
80e834d8 t nand_release_device
80e834f0 t nand_read_byte
80e83500 t nand_read_byte16
80e83514 t nand_read_word
80e83524 t nand_write_buf
80e83558 t nand_read_buf
80e83580 t nand_verify_buf
80e835c8 t nand_write_buf16
80e83600 t nand_read_buf16
80e83638 t nand_verify_buf16
80e83684 t nand_check_wp
80e836c0 t nand_get_device
80e836cc t nand_block_bad
80e837d0 t nand_read_page_raw
80e83808 t nand_read_page_raw_syndrome
80e838d8 t nand_read_page_swecc
80e839f4 t nand_read_subpage
80e83c88 t nand_read_page_hwecc
80e83dc4 t nand_read_page_hwecc_oob_first
80e83f04 t nand_read_page_syndrome
80e84028 t nand_read_oob_std
80e8406c t nand_read_oob_syndrome
80e8417c t nand_write_oob_std
80e841ec t nand_write_oob_syndrome
80e843a4 t nand_write_page_raw
80e843d8 t nand_write_page_raw_syndrome
80e844a4 t nand_write_page_swecc
80e84548 t nand_write_page_hwecc
80e84614 t nand_write_page_syndrome
80e84704 t nand_write_page
80e847c4 t single_erase_cmd
80e84800 t multi_erase_cmd
80e8488c t nand_sync
80e848b0 t nand_suspend
80e848c0 T nand_release
80e848e8 t nand_resume
80e84908 T nand_scan_ident
80e84ea8 t nand_select_chip
80e84f04 T nand_scan_tail
80e855f0 T nand_scan
80e85610 t nand_block_checkbad
80e85690 t nand_block_isbad
80e856d8 t nand_block_markbad
80e85714 t nand_fill_oob
80e85828 t nand_do_write_oob
80e859d0 t nand_do_write_ops
80e85d00 t nand_write_oob
80e85dcc t nand_write
80e85e74 t nand_transfer_oob
80e85f88 t nand_default_block_markbad
80e86088 T nand_erase_nand
80e86468 t nand_erase
80e86470 t nand_wait
80e86544 T nand_wait_ready
80e86588 t nand_do_read_ops
80e869a0 t nand_read_oob
80e86c7c t nand_read
80e86d24 t nand_command
80e86f00 t nand_command_lp
80e87168 t check_pattern
80e87220 t scan_read_raw
80e8726c T nand_isbad_bbt
80e872bc t create_bbt
80e87594 t search_bbt
80e877b0 t read_bbt
80e879fc t read_abs_bbt
80e87afc t write_bbt
80e88174 T nand_update_bbt
80e882cc t mark_bbt_region
80e88450 T nand_scan_bbt
80e888d4 T nand_default_bbt
80e88998 T nand_calculate_ecc
80e88a90 T nand_correct_data
80e88bbc t omap_nand_hwcontrol
80e88c60 t gen_true_ecc
80e88c84 t omap_calculate_ecc
80e88ccc t omap_correct_data
80e88df0 t omap_enable_hwecc
80e88e5c T omap_nand_switch_ecc
80e89070 T board_nand_init
80e8916c T omap_get_ecc_layout_bch
80e89204 T omap_hwecc_init_bch
80e89220 T omap_calculate_ecc_bch8
80e89328 T omap_calculate_ecc_bch4
80e893ac T omap_enable_hwecc_bch8
80e8945c T omap_enable_hwecc_bch4
80e89504 t omap_correct_data_bch
80e89690 T omap_correct_data_bch8
80e896b8 T omap_correct_data_bch4
80e896e0 t mpy_mod_gf
80e89740 T decode_bch
80e89d28 t calc_divisor
80e89d50 T _serial_setbrg
80e89d7c T serial_setbrg
80e89d84 T _serial_tstc
80e89d98 T serial_tstc
80e89da0 T _serial_getc
80e89dbc T serial_getc
80e89dc4 T _serial_putc_raw
80e89de0 T serial_putc_raw
80e89de8 T _serial_putc
80e89e2c T serial_putc
80e89e34 T _serial_puts
80e89e64 T serial_puts
80e89e6c T serial_init
80e89e94 T NS16550_init
80e89eec T NS16550_reinit
80e89f40 T NS16550_putc
80e89f54 T NS16550_getc
80e89f68 T NS16550_tstc
80e89f74 t print_num
80e89f88 T do_bdinfo
80e8a038 W do_go_exec
80e8a050 T do_go
80e8a0c8 t __fswab32
80e8a0e8 t image_get_data
80e8a0f0 T __arch_preboot_os
80e8a0f0 W arch_preboot_os
80e8a0f4 T do_bootd
80e8a118 t do_bootm_rtems
80e8a154 t do_bootm_netbsd
80e8a280 t image_get_size
80e8a288 t image_get_data_size
80e8a28c t bootm_start
80e8a5e8 t bootm_load_os
80e8a748 T do_bootm_subcommand
80e8a8f8 T do_bootm
80e8ab7c T do_coninfo
80e8ac6c T do_echo
80e8acec T do_exit
80e8ad1c T do_ext2load
80e8b044 T do_ext2ls
80e8b17c T do_fat_fsinfo
80e8b254 T do_fat_ls
80e8b35c T do_fat_fsload
80e8b4e0 T do_help
80e8b52c t __fswab32
80e8b54c T __def_i2c_get_bus_speed
80e8b54c W i2c_get_bus_speed
80e8b558 T __def_i2c_set_bus_speed
80e8b558 W i2c_set_bus_speed
80e8b570 t get_alen
80e8b5b8 t do_i2c
80e8b614 t do_i2c_bus_speed
80e8b688 t do_i2c_reset
80e8b6a4 t do_i2c_read
80e8b754 t do_i2c_probe
80e8b7a4 t do_i2c_md
80e8b954 t mod_i2c_mem
80e8bb48 t do_i2c_nm
80e8bb68 t do_i2c_mm
80e8bb88 t do_i2c_mw
80e8bc84 t do_i2c_loop
80e8bd64 t do_i2c_crc
80e8be80 t evalstr
80e8be9c t evalexp
80e8bf08 T binary_test
80e8c0e8 T do_itest
80e8c184 t jffs2_part_info
80e8c218 T do_jffs2_fsinfo
80e8c27c T do_jffs2_ls
80e8c2dc T do_jffs2_fsload
80e8c420 T ktrans
80e8c440 T chk1
80e8c470 t bin_data_init
80e8c48c t bin_data_char
80e8c4ac T k_data_init
80e8c4cc T k_data_save
80e8c4ec T k_data_restore
80e8c50c T k_data_char
80e8c55c T send_pad
80e8c58c T s1_sendpacket
80e8c5b8 T handle_send_packet
80e8c77c T send_nack
80e8c7dc T send_ack
80e8c83c t load_serial_ymodem
80e8c944 t getcxmodem
80e8c964 T do_load_serial_bin
80e8cdc4 t load_serial
80e8cfc0 T do_load_serial
80e8d0a0 T do_mem_crc
80e8d14c T do_mem_base
80e8d190 T do_mem_mtest
80e8d338 T do_mem_loop
80e8d430 T do_mem_cp
80e8d504 T do_mem_cmp
80e8d69c T do_mem_mw
80e8d764 t mod_mem
80e8d8b4 T do_mem_nm
80e8d8d4 T do_mem_mm
80e8d8f4 T do_mem_md
80e8d9cc T do_sleep
80e8da50 T do_mmc
80e8db8c t INIT_LIST_HEAD
80e8db98 t __list_add
80e8dbac t list_add_tail
80e8dbb8 t list_del
80e8dbd8 t list_empty
80e8dbec t IS_ERR
80e8dbfc T device_find
80e8dc4c t mtd_part_info
80e8dce0 t index_partitions
80e8dd9c t memsize_format
80e8ddf8 t current_save
80e8dea8 t part_sort_add
80e8dfcc t part_delall
80e8e004 t device_delall
80e8e054 t mtd_devices_init
80e8e07c t device_del
80e8e0e0 t memsize_parse
80e8e148 T mtd_id_parse
80e8e254 T find_dev_and_part
80e8e408 t part_validate
80e8e6c4 t device_parse
80e8eb9c T mtd_device_validate
80e8ec20 t generate_mtdparts_save
80e8ef1c T mtdparts_init
80e8f4fc T do_mtdparts
80e8faac T do_chpart
80e8fb78 t str2long
80e8fbb4 t nand_print_info
80e8fc10 t arg_off_size
80e8fddc t nand_load_image
80e8ffe0 T do_nandboot
80e9022c t nand_dump
80e90450 T do_nand
80e90c10 T get_env_id
80e90c20 T envmatch
80e90c80 T getenv_r
80e90d24 T do_saveenv
80e90d50 T getenv
80e90db8 T _do_setenv
80e911d4 T do_setenv
80e91200 T setenv
80e9124c T do_editenv
80e912bc t printenv
80e913a4 T do_printenv
80e91438 t __fswab32
80e91458 T source
80e91588 T do_source
80e915cc T do_false
80e915d4 T do_true
80e915dc T do_test
80e91a58 T usb_get_class_desc
80e91b00 T usb_display_ep_desc
80e91bd4 T usb_display_class_sub
80e91d48 T do_usbboot
80e920fc T usb_show_tree_graph
80e92324 T usb_show_tree
80e92358 T usb_display_desc
80e92488 T usb_display_string
80e924c8 T usb_display_if_desc
80e92550 T usb_display_conf_desc
80e925fc T usb_display_config
80e9268c T do_usb
80e92bc4 T do_version
80e92be4 T do_imgextract
80e92ebc T cmd_get_data_size
80e92f34 T cmd_usage
80e92f94 T var_complete
80e9301c T find_cmd_tbl
80e930b4 T find_cmd
80e930dc T cmd_auto_complete
80e9356c t install_auto_complete_handler
80e93584 T install_auto_complete
80e935d4 T _do_help
80e93754 t console_setfile
80e937fc T fgetc
80e93824 T ftstc
80e9384c T fputc
80e93878 T fputs
80e938a4 T disable_ctrlc
80e938bc T had_ctrlc
80e938cc T clear_ctrlc
80e938e0 T dbg
80e938ec T console_init_f
80e938fc T search_device
80e93924 T console_assign
80e93964 T fprintf
80e939b0 T puts
80e939cc T vprintf
80e939fc T printf
80e93a40 T stdio_print_current_devices
80e93af8 T console_init_r
80e93be0 T serial_printf
80e93c24 T putc
80e93c40 T tstc
80e93c58 T getc
80e93c70 T ctrlc
80e93cc0 T sbrk
80e93cf4 T malloc_trim
80e93dc0 T free
80e93ff4 T cfree
80e93ff8 T malloc
80e94614 T memalign
80e94724 T pvalloc
80e9473c T valloc
80e94748 T malloc_usable_size
80e9478c T mallopt
80e94804 T calloc
80e948e4 T mem_malloc_init
80e94910 T realloc
80e94d8c T env_get_char_memory
80e94dac T env_get_addr
80e94dcc T env_get_char
80e94dfc T env_complete
80e94f30 T env_crc_update
80e94f5c T set_default_env
80e94fa4 T env_relocate
80e94ffc t nand_block_isbad
80e9500c T env_get_char_spec
80e95018 T env_init
80e95034 T writeenv
80e950e4 T readenv
80e951ac t use_default
80e951c4 T env_relocate_spec
80e95218 T saveenv
80e952c0 t dummy
80e952c4 T get_version
80e952cc T jumptable_init
80e954a4 t b_reset
80e954c0 T simple_itoa
80e95514 t static_get
80e95530 t static_peek
80e9553c t file_peek
80e95548 t setup_string_in_str
80e95574 t indenter
80e95584 t is_assignment
80e955e0 T mapset
80e9560c t syntax_err
80e95618 T do_showvar
80e95704 T u_boot_hush_start
80e95754 t xmalloc
80e95774 T new_pipe
80e9579c t file_get
80e9596c t free_pipe_list
80e95a50 t b_free
80e95a74 T unset_local_var
80e95b10 t xrealloc
80e95b30 t done_command
80e95bb8 t initialize_context
80e95bf0 t done_pipe
80e95c38 T reserved_word
80e95d70 t b_addchr
80e95dec t done_word
80e95f6c t b_addqchr
80e95fb8 t insert_var_value
80e96168 T set_local_var
80e96318 T update_ifs_map
80e96388 t parse_stream_outer
80e96964 T parse_file_outer
80e969a8 T parse_string_outer
80e96a70 t run_list_real
80e97238 t __fswab32
80e97258 t image_get_data
80e97260 t image_check_type
80e97274 T image_multi_count
80e9729c T get_table_entry_name
80e972c4 T genimg_get_os_name
80e972dc T genimg_get_arch_name
80e972f4 T genimg_get_type_name
80e9730c T genimg_get_comp_name
80e97324 T genimg_get_image
80e97328 T genimg_has_config
80e97330 T get_table_entry_id
80e9737c T genimg_get_comp_id
80e97394 T genimg_get_type_id
80e973ac T genimg_get_arch_id
80e973c4 T genimg_get_os_id
80e973dc t image_check_magic
80e97400 T genimg_get_format
80e97414 t image_get_data_size
80e9741c t image_get_load
80e97424 T image_multi_getimg
80e974a8 T genimg_print_size
80e974d8 T image_print_contents
80e9766c T memmove_wd
80e97678 T getenv_bootm_low
80e976ac T getenv_yesno
80e976d0 T getenv_bootm_size
80e97704 T image_check_dcrc
80e9774c T image_check_hcrc
80e977a0 T boot_get_ramdisk
80e979ec T __show_boot_progress
80e979ec W show_boot_progress
80e979f0 T parse_line
80e97a7c T do_run
80e97aec T run_command
80e97f10 t delete_char
80e97fec T readline_into_buffer
80e981f4 T readline
80e9820c T main_loop
80e98310 t hex1_bin
80e98348 t hex2_bin
80e9837c T srec_decode
80e985ec T stdio_get_list
80e985f8 T stdio_clone
80e98640 T stdio_register
80e98680 T stdio_init
80e9871c T stdio_get_by_name
80e98770 T usb_disable_asynch
80e98788 T usb_maxpacket
80e987ac t usb_set_maxpacket_ep
80e98824 T usb_set_maxpacket
80e98888 T usb_get_dev_index
80e988b8 T usb_hub_reset
80e988cc T usb_hub_allocate
80e98910 T usb_alloc_new_device
80e989b0 T usb_parse_config
80e98b04 T usb_submit_int_msg
80e98b08 T usb_stop
80e98b44 T wait_ms
80e98b68 T usb_bulk_msg
80e98bcc T usb_control_msg
80e98cbc T usb_get_port_status
80e98d1c T usb_get_hub_status
80e98d70 T usb_set_port_feature
80e98dd0 T usb_clear_port_feature
80e98e30 T usb_clear_hub_feature
80e98e84 T usb_get_hub_descriptor
80e98ee0 T usb_get_string
80e98f6c t usb_string_sub
80e99070 T usb_string
80e99170 T usb_get_class_descriptor
80e991e0 T usb_get_report
80e99250 T usb_set_idle
80e992b4 T usb_set_protocol
80e99314 T usb_set_configuration
80e9937c T usb_set_interface
80e99448 T usb_set_address
80e9948c T usb_get_descriptor
80e994f8 T usb_get_configuration_no
80e99590 T usb_clear_halt
80e99644 t usb_hub_power_on
80e99688 t hub_port_reset
80e99728 T usb_hub_port_connect_change
80e99818 T usb_hub_configure
80e99a2c T usb_hub_probe
80e99a8c T usb_new_device
80e99d38 T usb_scan_devices
80e99db4 T usb_init
80e99e30 t __fswab32
80e99e50 T usb_stor_get_dev
80e99e78 t usb_stor_irq
80e99e94 T usb_show_progress
80e99ea0 t usb_request_sense
80e99efc t usb_test_unit_ready
80e99f78 T usb_stor_get_info
80e9a1dc T usb_storage_probe
80e9a40c T usb_stor_BBB_clear_endpt_stall
80e9a458 t usb_stor_BBB_reset
80e9a538 t usb_stor_CB_reset
80e9a624 T usb_stor_write
80e9a838 T usb_stor_read
80e9aa4c T usb_stor_scan
80e9abb0 T usb_stor_CB_comdat
80e9ade0 T usb_stor_BBB_comdat
80e9aebc T usb_stor_BBB_transport
80e9b088 T usb_stor_CBI_get_status
80e9b158 T usb_stor_CB_transport
80e9b344 T usb_stor_info
80e9b3b4 T parse_num
80e9b4dc T xyzModem_error
80e9b578 T xyzModem_stream_close
80e9b5c4 T CYGACC_COMM_IF_PUTC
80e9b5cc T CYGACC_COMM_IF_GETC_TIMEOUT
80e9b620 t xyzModem_flush
80e9b648 T xyzModem_stream_terminate
80e9b71c t xyzModem_get_hdr
80e9b9a0 T xyzModem_stream_read
80e9bc2c T xyzModem_stream_open
80e9bd90 T beagle_get_revision
80e9bda0 T set_muxconf_regs
80e9c340 t twl4030_i2c_write_u8
80e9c368 T beagle_identify
80e9c3fc T misc_init_r
80e9c6f8 T board_init
80e9c728 T cyg_crc16
80e9c770 T crc32_no_comp
80e9c868 T crc32
80e9c87c T crc32_wd
80e9c880 T print_size
80e9c9dc T display_options
80e9c9fc T print_buffer
80e9cb5c T zunzip
80e9cc50 T gunzip
80e9cd18 T zfree
80e9cd20 T zalloc
80e9cd30 T string_to_ip
80e9cda8 T strcpy
80e9cdc4 T strncpy
80e9cdec T strcat
80e9ce20 T strncat
80e9ce84 T strcmp
80e9cebc T strncmp
80e9cf0c T strchr
80e9cf38 T strlen
80e9cf58 T strrchr
80e9cf90 T strnlen
80e9cfb8 T strspn
80e9cffc T strpbrk
80e9d03c T strtok
80e9d0bc T strsep
80e9d0f0 T strswab
80e9d13c T memset
80e9d1b8 T bcopy
80e9d1e4 T memcpy
80e9d260 T memmove
80e9d2bc T memcmp
80e9d2fc T memscan
80e9d32c T strstr
80e9d390 T memchr
80e9d3c0 T strdup
80e9d3f4 T udelay
80e9d420 t __toupper
80e9d43c T simple_strtoul
80e9d4f4 T simple_strtol
80e9d51c T ustrtoul
80e9d590 T simple_strtoull
80e9d66c t skip_atoi
80e9d6a4 T panic
80e9d6f4 t string
80e9d7a4 t put_dec
80e9d99c t number
80e9dc00 T vsprintf
80e9e0a8 T sprintf
80e9e0d0 T inflate_fast
80e9e638 T inflate_table
80e9ebd0 T inflateReset
80e9ec6c T inflateInit2_
80e9ed74 T inflateInit_
80e9ed84 T inflateEnd
80e9ee0c T adler32
80e9f148 T zcfree
80e9f150 T zcalloc
80e9f158 T inflate
80ea089c T __div64_32
80ea0990 t get_gpio_bank
80ea09a4 t get_gpio_index
80ea09ac t _set_gpio_direction
80ea09e0 t check_gpio
80ea0a10 T omap_free_gpio
80ea0a4c T omap_request_gpio
80ea0a64 T omap_get_gpio_datain
80ea0ab4 T omap_set_gpio_direction
80ea0af4 T omap_set_gpio_dataout
80ea0b60 T set_timer
80ea0b70 T __udelay
80ea0bc4 T reset_timer_masked
80ea0bf8 T reset_timer
80ea0bfc T timer_init
80ea0c28 T get_timer_masked
80ea0c84 T get_timer
80ea0c98 T get_ticks
80ea0cac T get_tbclk
80ea0cb4 T reset_cpu
80ea0cc4 t _loop_forever
80ea0cc8 t rstctl
80ea0ccc T setup_revision_tag
80ea0d04 T do_bootm_linux
80ea0ef8 T flush_cache
80ea0efc T do_reset
80ea0f2c t downcase
80ea0f58 T disk_read
80ea0fa8 t dirdelim
80ea0fdc t get_fatent
80ea113c t slot2str
80ea120c t mkcksum
80ea123c t get_cluster
80ea12e4 t get_vfatname
80ea147c t get_name
80ea1538 t read_bootsectandvi
80ea1630 T file_fat_detectfs
80ea1790 T do_fat_read
80ea20e0 T file_fat_read
80ea2118 T file_fat_ls
80ea2128 T fat_register_device
80ea2214 T mkmodestr
80ea2330 t EMPTY_SCAN_SIZE
80ea233c t insert_node
80ea2404 t put_fl_mem
80ea2430 t free_nodes
80ea2458 T jffs2_free_cache
80ea248c t get_fl_mem_nand
80ea2648 t get_fl_mem
80ea268c T jffs2_1pass_rescan_needed
80ea26fc t jffs2_get_list
80ea2cdc T jffs2_1pass_info
80ea2df8 t get_node_mem
80ea2eac t jffs2_1pass_find_inode
80ea3034 t jffs2_1pass_search_inode
80ea3168 T jffs2_1pass_load
80ea373c t jffs2_1pass_search_list_inodes
80ea3dcc T jffs2_1pass_ls
80ea3e20 T rtime_decompress
80ea3ef0 T rubin_do_decompress
80ea3fec T dynrubin_decompress
80ea402c T zlib_decompress
80ea4044 T cramfs_memset
80ea4068 T pull_bits
80ea40c4 T pull_bit
80ea40f8 t read_symbol
80ea4180 t decompress_huffman
80ea42b4 t fill_code_tables
80ea438c t init_code_tables
80ea43c8 T decompress_block
80ea4960 t ext2fs_read_inode
80ea4a58 T ext2fs_mount
80ea4b20 T ext2fs_free_node
80ea4b40 T ext2fs_close
80ea4bf4 T ext2fs_read_file
80ea50e4 T ext2fs_read
80ea5120 t ext2fs_iterate_dir
80ea5394 T ext2fs_find_file1
80ea5628 T ext2fs_find_file
80ea56a4 T ext2fs_open
80ea5738 T ext2fs_ls
80ea57ac T ext2fs_devread
80ea597c T ext2fs_set_blk_dev
80ea59c8 T print_part
80ea5aa4 T dev_print
80ea5ca4 T get_partition_info
80ea5cc8 T init_part
80ea5ce4 T get_dev
80ea5d3c t le32_to_int
80ea5d64 t is_extended
80ea5d84 T test_part_dos
80ea5dd8 t get_partition_info_extended
80ea6000 T get_partition_info_dos
80ea6020 t print_partition_extended
80ea61d8 T print_part_dos
80ea6204 T twl4030_led_init
80ea6240 T mmc_get_dev
80ea624c T mmc_init_stream
80ea62b0 T mmc_clock_config
80ea6334 T mmc_send_cmd
80ea6408 T mmc_read_data
80ea6490 T mmc_detect_card
80ea66c8 T mmc_read_cardsize
80ea67b0 T omap_mmc_read_sect
80ea6838 T mmc_bread
80ea6858 T mmc_board_init
80ea6894 T mmc_init_setup
80ea6950 T configure_mmc
80ea6a94 T mmc_legacy_init
80ea6b08 T get_mtd_device
80ea6b78 T put_mtd_device
80ea6ba4 T del_mtd_device
80ea6bf4 T add_mtd_device
80ea6c5c T get_mtd_device_nm
80ea6cc0 t nand_read
80ea6cec t nand_write
80ea6d18 t nand_block_isbad
80ea6d28 t nand_block_bad_scrub
80ea6d30 t get_len_incl_bad
80ea6dbc T nand_read_skip_bad
80ea6f6c T nand_write_skip_bad
80ea7138 T nand_erase_opts
80ea7474 t twl4030_i2c_write_u8
80ea749c T twl4030_pmrecv_vsel_cfg
80ea74c8 T twl4030_power_mmc_init
80ea74f0 T twl4030_power_mpu_init
80ea7500 T twl4030_power_init
80ea7568 T twl4030_power_reset_init
80ea75e4 t write_toggle
80ea7660 t check_stall
80ea7700 t get_dev_speed
80ea7720 t config_hub_port
80ea77cc t wait_until_rxep_ready
80ea7860 T submit_int_msg
80ea7a8c t wait_until_ep0_ready
80ea7b8c t ctrlreq_in_status_phase
80ea7bc8 T usb_lowlevel_stop
80ea7bec T usb_lowlevel_init
80ea7cbc T submit_bulk_msg
80ea8030 T submit_control_msg
80ea8328 T musb_start
80ea8390 T musb_configure_ep
80ea84b0 W write_fifo
80ea84fc W read_fifo
80ea8540 T musb_platform_deinit
80ea8544 T musb_platform_init
80ea85dc t twl4030_i2c_write_u8
80ea8604 t twl4030_usb_write
80ea863c t twl4030_usb_read
80ea8690 T twl4030_usb_ulpi_init
80ea884c T cleanup_before_linux
80ea8884 T __aeabi_unwind_cpp_pr0
80ea8888 T raise
80ea88a4 T __aeabi_uidiv
80ea88a4 T __udivsi3
80ea88a4 t .udivsi3_nodiv0
80ea8a90 T __aeabi_uidivmod
80ea8ab0 T __aeabi_idiv
80ea8ab0 T __divsi3
80ea8ab8 t .divsi3_nodiv0
80ea8cd0 T __aeabi_idivmod
80ea8cf0 T __aeabi_llsr
80ea8cf0 T __lshrdi3
80ea8d0c T __aeabi_lasr
80ea8d0c T __ashrdi3
80ea8d28 T __aeabi_llsl
80ea8d28 T __ashldi3
80ea8d44 W __aeabi_idiv0
80ea8d44 W __aeabi_ldiv0
80ea8d58 r __func__.5792
80ea8d6c r __FUNCTION__.4184
80ea8d7d r __FUNCTION__.5927
80ea8d8c r __FUNCTION__.5420
80ea8d9a r __FUNCTION__.4886
80ea8dac r C.48.4334
80ea8db0 r C.161.5666
80ea8db8 r rev_s
80ea8dcc r gpmc_m_nand
80ea8de8 r C.29.3108
80ea8e68 r C.16.997
80ea8e88 r serial_ports
80ea8e98 r boot_os
80ea8ee4 r mtdids_default
80ea8ee8 r mtdparts_default
80ea8eec r baudrate_table
80ea8f04 R sysinfo
80ea8f10 r crc_table
80ea9310 r lbase.3694
80ea934e r lext.3695
80ea938c r dbase.3696
80ea93cc r dext.3697
80ea940c r lenfix
80ea9c0c r distfix
80ea9c8c r order.3921
80ea9cb4 R z_errmsg
80ea9cdc r l.4626
80ea9ce0 r compr_names
80ea9cfc r year_lengths.3211
80ea9d04 r mon_lengths.3210
80ea9d64 r day_name.3187
80ea9d79 r mon_name.3188
80ea9da0 r block_drvr
80ea9db8 r crc16_tab
80ea9fb8 R mmc_transspeed_val
80eaa030 R version_string
80eaa058 r default_nand_name
80eaa05d r nand_ecc_precalc_table
80eaa15d r names.3196
80eaa163 r digits.3356
80eaa173 R hex_asc
80eaa184 r huffman_order
80eaa197 r __PRETTY_FUNCTION__.3758
80eb1290 D init_sequence
80eb12c8 d i2c_base
80eb12cc D nand_curr_device
80eb12d0 d nand_oob_8
80eb1518 d nand_oob_16
80eb1760 d nand_oob_64
80eb19a8 d nand_oob_128
80eb1bf0 d bbt_main_descr
80eb1c14 d bbt_mirror_descr
80eb1c38 d agand_flashbased
80eb1c5c d smallpage_flashbased
80eb1c80 d largepage_flashbased
80eb1ca4 d smallpage_memorybased
80eb1cc8 d largepage_memorybased
80eb1cec d bbt_pattern
80eb1cf0 d mirror_pattern
80eb1cf4 d scan_agand_pattern
80eb1cfa d scan_ff_pattern
80eb1cfc D nand_flash_ids
80eb214c D nand_manuf_ids
80eb219c d hw_nand_oob
80eb23e4 d hw_nand_oob_kernel
80eb262c D load_addr
80eb2630 d cmd_bootm_sub
80eb26d8 d cmd_i2c_sub
80eb27f0 d i2c_dp_last_length
80eb27f4 D op_table
80eb285c d do_echo
80eb2860 D dp_last_length
80eb2864 d curr_device
80eb2868 d env_id
80eb286c d usb_stor_curr_dev
80eb2870 d av_
80eb2c78 d sbrk_base
80eb2c7c d trim_threshold
80eb2c80 d mmap_threshold
80eb2c84 D default_environment
80eb30e0 D env_name_spec
80eb30e4 d blanks.3604
80eb310c d reserved_list
80eb3190 d uimage_os
80eb31d8 d uimage_arch
80eb32bc d uimage_type
80eb3358 d uimage_comp
80eb33a0 d erase_seq
80eb33a4 d tab_seq
80eb33b0 D stdio_names
80eb33bc D us_direction
80eb33dc D _ctype
80eb34dc d gpio_bank_34xx
80eb350c d cur_part
80eb3510 d nand_cache_off
80eb3514 D indir1_blkno
80eb3518 D indir2_blkno
80eb351c d epinfo
80eb3528 d platform_needs_initialization
80eb352c D musb_cfg
80eb3538 A __u_boot_cmd_start
80eb3538 D __u_boot_cmd_nandecc
80eb3554 D __u_boot_cmd_bdinfo
80eb3570 D __u_boot_cmd_go
80eb358c D __u_boot_cmd_reset
80eb35a8 D __u_boot_cmd_bootm
80eb35c4 D __u_boot_cmd_boot
80eb35e0 D __u_boot_cmd_bootd
80eb35fc D __u_boot_cmd_coninfo
80eb3618 D __u_boot_cmd_echo
80eb3634 D __u_boot_cmd_exit
80eb3650 D __u_boot_cmd_ext2ls
80eb366c D __u_boot_cmd_ext2load
80eb3688 D __u_boot_cmd_fatload
80eb36a4 D __u_boot_cmd_fatls
80eb36c0 D __u_boot_cmd_fatinfo
80eb36dc D __u_boot_cmd_help
80eb36f8 D __u_boot_cmd_question_mark
80eb3714 D __u_boot_cmd_i2c
80eb3730 D __u_boot_cmd_itest
80eb374c D __u_boot_cmd_fsload
80eb3768 D __u_boot_cmd_ls
80eb3784 D __u_boot_cmd_fsinfo
80eb37a0 D __u_boot_cmd_loads
80eb37bc D __u_boot_cmd_loadb
80eb37d8 D __u_boot_cmd_loady
80eb37f4 D __u_boot_cmd_md
80eb3810 D __u_boot_cmd_mm
80eb382c D __u_boot_cmd_nm
80eb3848 D __u_boot_cmd_mw
80eb3864 D __u_boot_cmd_cp
80eb3880 D __u_boot_cmd_cmp
80eb389c D __u_boot_cmd_crc32
80eb38b8 D __u_boot_cmd_base
80eb38d4 D __u_boot_cmd_loop
80eb38f0 D __u_boot_cmd_mtest
80eb390c D __u_boot_cmd_sleep
80eb3928 D __u_boot_cmd_mmc
80eb3944 D __u_boot_cmd_chpart
80eb3960 D __u_boot_cmd_mtdparts
80eb397c D __u_boot_cmd_nand
80eb3998 D __u_boot_cmd_nboot
80eb39b4 D __u_boot_cmd_saveenv
80eb39d0 D __u_boot_cmd_editenv
80eb39ec D __u_boot_cmd_printenv
80eb3a08 D __u_boot_cmd_setenv
80eb3a24 D __u_boot_cmd_run
80eb3a40 D __u_boot_cmd_source
80eb3a5c D __u_boot_cmd_test
80eb3a78 D __u_boot_cmd_false
80eb3a94 D __u_boot_cmd_true
80eb3ab0 D __u_boot_cmd_usb
80eb3acc D __u_boot_cmd_usbboot
80eb3ae8 D __u_boot_cmd_version
80eb3b04 D __u_boot_cmd_imxtract
80eb3b20 D __u_boot_cmd_showvar
80eb3b3c A __bss_start
80eb3b3c A __u_boot_cmd_end
80eb3b40 b cpu_family
80eb3b42 b cpu_revision
80eb3b44 b cpu_id
80eb3b48 B gpmc_cfg
80eb3b4c B boot_flash_base
80eb3b50 B boot_flash_off
80eb3b54 B boot_flash_sec
80eb3b58 B boot_flash_env_addr
80eb3b5c B boot_flash_type
80eb3b60 B monitor_flash_len
80eb3b64 b bus_initialized
80eb3b70 b current_bus
80eb3b78 B nand_info
80eb3c28 b nand_chip
80eb3d40 b dev_name
80eb3d48 B cs
80eb3d4c b nand_bch_oob
80eb3f94 b images
80eb4020 b i2c_dp_last_chip
80eb4024 b i2c_dp_last_addr
80eb4028 b i2c_dp_last_alen
80eb402c b i2c_mm_last_chip
80eb4030 b i2c_mm_last_addr
80eb4034 b i2c_mm_last_alen
80eb4038 b os_data_state
80eb403c b os_data_addr
80eb4040 b bin_start_address
80eb4044 b k_data_escape
80eb4048 B os_data_init
80eb404c b k_data_escape_saved
80eb4050 b os_data_state_saved
80eb4054 b os_data_addr_saved
80eb4058 B os_data_char
80eb405c B his_quote
80eb4060 B his_pad_count
80eb4064 B his_pad_char
80eb4065 B his_eol
80eb4068 B send_ptr
80eb406c B send_parms
80eb4080 b a_b
80eb4098 b base_address
80eb409c B mm_last_addr
80eb40a0 B mm_last_size
80eb40a4 B dp_last_addr
80eb40a8 B dp_last_size
80eb40ac B devices
80eb40b4 B current_mtd_dev
80eb40b8 B current_mtd_partnum
80eb40b9 b last_partition
80eb40c9 b last_parts
80eb42cc B mtdids
80eb42d4 b initialized.4748
80eb42d8 b last_ids
80eb4358 b tmp_buf.3202
80eb4558 b tmp_buf
80eb4758 b ctrlc_disabled
80eb475c b ctrlc_was_pressed
80eb4760 B mem_malloc_brk
80eb4764 B mem_malloc_start
80eb4768 B mem_malloc_end
80eb476c b current_mallinfo
80eb4794 b top_pad
80eb4798 b max_sbrked_mem
80eb479c b max_total_mem
80eb47a0 b n_mmaps_max
80eb47a4 B env_ptr
80eb47a8 b local.3390
80eb47be b map
80eb48c0 b top_vars
80eb48c4 b flag_repeat
80eb48c8 b do_repeat
80eb48cc b the_command.3417
80eb4acc b buf.3880
80eb4af4 B last_return_code
80eb4af8 b ifs
80eb4afc B nesting_level
80eb4b00 B console_buffer
80eb4d04 b devs
80eb4d40 B stdio_devices
80eb4d4c b asynch_allowed
80eb4d50 b usb_dev
80ebf650 b usb_hub_index
80ebf654 b hub_dev
80ebf754 b dev_index
80ebf758 B usb_started
80ebf759 b setup_packet
80ebf764 b running
80ebf768 b usb_max_devs
80ebf76c b usb_dev_desc
80ebf988 b usb_ccb
80ebfa18 b usb_stor_buf
80ebfc18 b usb_stor
80ebfd1c b CBWTag
80ebfd20 b xyz
80ec015c b beagle_revision
80ec0160 B ___strtok
80ec0164 b timestamp
80ec0168 b lastinc
80ec016c b params
80ec0170 b part_offset
80ec0174 b cur_dev
80ec0178 B get_vfatname_block
80ed0178 B do_fat_read_block
80ee0178 B get_dentfromdir_block
80ef0178 b current_part
80ef017c b nand_cache
80ef0180 b inode_size
80ef0184 B ext2fs_root
80ef0188 B ext2fs_file
80ef018c B indir1_block
80ef0190 B indir1_size
80ef0194 B indir2_block
80ef0198 B indir2_size
80ef019c B symlinknest
80ef01a0 b part_info
80ef01ec b ext2fs_block_dev_desc
80ef01f0 b mmc_blk_dev
80ef025c B cur_card_data
80ef0270 B mtd_table
80ef02f0 B musbr
80ef02f4 b otg
80ef02f8 A _end
