Archive member included because of file (symbol)

arch/arm/cpu/arm_cortexa8/omap3/libomap3.a(board.o)
                              (__u_boot_cmd_nandecc)
arch/arm/cpu/arm_cortexa8/omap3/libomap3.a(clock.o)
                              arch/arm/cpu/arm_cortexa8/omap3/libomap3.a(board.o) (per_clocks_enable)
arch/arm/cpu/arm_cortexa8/omap3/libomap3.a(syslib.o)
                              arch/arm/cpu/arm_cortexa8/omap3/libomap3.a(clock.o) (sdelay)
arch/arm/cpu/arm_cortexa8/omap3/libomap3.a(sys_info.o)
                              arch/arm/cpu/arm_cortexa8/omap3/libomap3.a(board.o) (identify_cpu)
arch/arm/cpu/arm_cortexa8/omap3/libomap3.a(sdrc.o)
                              arch/arm/cpu/arm_cortexa8/omap3/libomap3.a(board.o) (is_mem_sdr)
arch/arm/cpu/arm_cortexa8/omap3/libomap3.a(lowlevel_init.o)
                              arch/arm/cpu/arm_cortexa8/start.o (cpy_clk_code)
arch/arm/cpu/arm_cortexa8/omap3/libomap3.a(cache.o)
                              arch/arm/cpu/arm_cortexa8/omap3/libomap3.a(board.o) (invalidate_dcache)
arch/arm/cpu/arm_cortexa8/omap3/libomap3.a(mem.o)
                              arch/arm/cpu/arm_cortexa8/omap3/libomap3.a(sdrc.o) (mem_ok)
arch/arm/lib/libarm.a(board.o)
                              arch/arm/cpu/arm_cortexa8/start.o (start_armboot)
arch/arm/lib/libarm.a(cache-cp15.o)
                              arch/arm/cpu/arm_cortexa8/omap3/libomap3.a(board.o) (icache_enable)
arch/arm/lib/libarm.a(interrupts.o)
                              arch/arm/lib/libarm.a(board.o) (enable_interrupts)
drivers/i2c/libi2c.a(omap24xx_i2c.o)
                              arch/arm/lib/libarm.a(board.o) (i2c_init)
drivers/mtd/nand/libnand.a(nand.o)
                              arch/arm/lib/libarm.a(board.o) (nand_init)
drivers/mtd/nand/libnand.a(nand_base.o)
                              drivers/mtd/nand/libnand.a(nand.o) (nand_scan)
drivers/mtd/nand/libnand.a(nand_bbt.o)
                              drivers/mtd/nand/libnand.a(nand_base.o) (nand_isbad_bbt)
drivers/mtd/nand/libnand.a(nand_ecc.o)
                              drivers/mtd/nand/libnand.a(nand_base.o) (nand_calculate_ecc)
drivers/mtd/nand/libnand.a(nand_ids.o)
                              drivers/mtd/nand/libnand.a(nand_base.o) (nand_flash_ids)
drivers/mtd/nand/libnand.a(omap_gpmc.o)
                              arch/arm/cpu/arm_cortexa8/omap3/libomap3.a(board.o) (omap_nand_switch_ecc)
drivers/mtd/nand/libnand.a(omap_bch_soft.o)
                              drivers/mtd/nand/libnand.a(nand_base.o) (omap_get_ecc_layout_bch)
drivers/mtd/nand/libnand.a(omap_bch_decoder.o)
                              drivers/mtd/nand/libnand.a(omap_bch_soft.o) (decode_bch)
drivers/serial/libserial.a(serial.o)
                              arch/arm/lib/libarm.a(board.o) (serial_init)
drivers/serial/libserial.a(ns16550.o)
                              drivers/serial/libserial.a(serial.o) (NS16550_init)
common/libcommon.a(cmd_bdinfo.o)
                              (__u_boot_cmd_bdinfo)
common/libcommon.a(cmd_boot.o)
                              (__u_boot_cmd_go)
common/libcommon.a(cmd_bootm.o)
                              arch/arm/lib/libarm.a(board.o) (load_addr)
common/libcommon.a(cmd_console.o)
                              (__u_boot_cmd_coninfo)
common/libcommon.a(cmd_echo.o)
                              (__u_boot_cmd_echo)
common/libcommon.a(cmd_exit.o)
                              (__u_boot_cmd_exit)
common/libcommon.a(cmd_ext2.o)
                              (__u_boot_cmd_ext2ls)
common/libcommon.a(cmd_fat.o)
                              (__u_boot_cmd_fatload)
common/libcommon.a(cmd_help.o)
                              (__u_boot_cmd_help)
common/libcommon.a(cmd_i2c.o)
                              (__u_boot_cmd_i2c)
common/libcommon.a(cmd_itest.o)
                              (__u_boot_cmd_itest)
common/libcommon.a(cmd_jffs2.o)
                              (__u_boot_cmd_fsload)
common/libcommon.a(cmd_load.o)
                              (__u_boot_cmd_loads)
common/libcommon.a(cmd_mem.o)
                              (__u_boot_cmd_md)
common/libcommon.a(cmd_misc.o)
                              (__u_boot_cmd_sleep)
common/libcommon.a(cmd_mmc.o)
                              (__u_boot_cmd_mmc)
common/libcommon.a(cmd_mtdparts.o)
                              common/libcommon.a(cmd_jffs2.o) (mtdparts_init)
common/libcommon.a(cmd_nand.o)
                              (__u_boot_cmd_nand)
common/libcommon.a(cmd_nvedit.o)
                              arch/arm/lib/libarm.a(board.o) (getenv_r)
common/libcommon.a(cmd_source.o)
                              (__u_boot_cmd_source)
common/libcommon.a(cmd_test.o)
                              (__u_boot_cmd_test)
common/libcommon.a(cmd_usb.o)
                              (__u_boot_cmd_usb)
common/libcommon.a(cmd_version.o)
                              (__u_boot_cmd_version)
common/libcommon.a(cmd_ximg.o)
                              (__u_boot_cmd_imxtract)
common/libcommon.a(command.o)
[...]
Memory Configuration

Name             Origin             Length             Attributes
*default*        0x00000000         0xffffffff

Linker script and memory map

                0x00000000                . = 0x0
                0x00000000                . = ALIGN (0x4)

.text           0x80e80000    0x28d60
 arch/arm/cpu/arm_cortexa8/start.o(.text)
 .text          0x80e80000      0x3e0 arch/arm/cpu/arm_cortexa8/start.o
                0x80e80040                _end_vect
                0x80e80048                _bss_start
                0x80e8004c                _bss_end
                0x80e80044                _armboot_start
                0x80e80000                _start
 *(.text)
 .text          0x80e803e0      0x374 arch/arm/cpu/arm_cortexa8/omap3/libomap3.a(board.o)
                0x80e804f0                wait_for_command_complete
                0x80e8047c                secureworld_exit
                0x80e80504                abort
                0x80e806ac                try_unlock_memory
                0x80e804a8                setup_auxcr
                0x80e805f0                checkboard
                0x80e803e0                secure_unlock_mem
                0x80e806f4                s_init
                0x80e80630                watchdog_init
 .text          0x80e80754      0xfb4 arch/arm/cpu/arm_cortexa8/omap3/libomap3.a(clock.o)
                0x80e80754                get_osc_clk_speed
                0x80e80898                get_sys_clkin_sel
                0x80e8093c                per_clocks_enable
                0x80e80904                set_mpu_clk
                0x80e80ba8                prcm_init
 .text          0x80e81708       0x6c arch/arm/cpu/arm_cortexa8/omap3/libomap3.a(syslib.o)
                0x80e81730                wait_on_value
                0x80e81714                sr32
                0x80e81708                sdelay
 .text          0x80e81774      0x478 arch/arm/cpu/arm_cortexa8/omap3/libomap3.a(sys_info.o)
                0x80e81940                is_running_in_flash
                0x80e818cc                arch_cpu_init
                0x80e81988                get_boot_type
                0x80e81958                is_running_in_sram
                0x80e81934                get_base
                0x80e818dc                is_cpu_family
                0x80e8199c                get_device_type
                0x80e818f8                get_cpu_rev
                0x80e8192c                get_board_rev
                0x80e81970                is_running_in_sdram
                0x80e81774                identify_cpu
                0x80e81924                get_gpmc0_width
                0x80e81b58                dieid_num_r
                0x80e81908                get_gpmc0_base
                0x80e819b4                print_cpuinfo
 .text          0x80e81bec      0x268 arch/arm/cpu/arm_cortexa8/omap3/libomap3.a(sdrc.o)
                0x80e81dd0                dram_init
                0x80e81c30                make_cs1_contiguous
                0x80e81dc4                mem_init
                0x80e81c7c                do_sdrc_init
                0x80e81c60                get_sdr_cs_offset
                0x80e81bec                is_mem_sdr
                0x80e81c08                get_sdr_cs_size
 .text          0x80e81e54      0x604 arch/arm/cpu/arm_cortexa8/omap3/libomap3.a(lowlevel_init.o)
                0x80e82448                get_36x_core_dpll_param
                0x80e82440                get_36x_iva_dpll_param
                0x80e81f84                lowlevel_init
                0x80e822e0                get_per_dpll_param
                0x80e81e58                cpy_clk_code
                0x80e82438                get_36x_mpu_dpll_param
                0x80e82190                get_iva_dpll_param
                0x80e82288                get_core_dpll_param
                0x80e82098                get_mpu_dpll_param
                0x80e81e7c                go_to_speed
                0x80e82450                get_36x_per_dpll_param
 *fill*         0x80e82458        0x8 00
 .text          0x80e82460      0x1a0 arch/arm/cpu/arm_cortexa8/omap3/libomap3.a(cache.o)
                0x80e82460                invalidate_dcache
                0x80e82588                l2_cache_disable
                0x80e8250c                l2_cache_enable
 .text          0x80e82600      0x190 arch/arm/cpu/arm_cortexa8/omap3/libomap3.a(mem.o)
                0x80e82748                mem_ok
                0x80e82678                gpmc_init
                0x80e82600                enable_gpmc_cs_config
 .text          0x80e82790      0x24c arch/arm/lib/libarm.a(board.o)
                0x80e827a8                __yellow_LED_off
                0x80e8279c                green_LED_on
                0x80e827b4                hang
                0x80e8279c                __green_LED_on
                0x80e827a4                __yellow_LED_on
                0x80e827a4                yellow_LED_on
                0x80e827a0                __green_LED_off
                0x80e82798                __red_LED_off
                0x80e828bc                start_armboot
                0x80e827b0                blue_LED_off
                0x80e82790                coloured_LED_init
                0x80e827b0                __blue_LED_off
                0x80e827ac                blue_LED_on
                0x80e827a8                yellow_LED_off
                0x80e82798                red_LED_off
                0x80e827a0                green_LED_off
                0x80e82790                __coloured_LED_init
                0x80e82794                red_LED_on
                0x80e827ac                __blue_LED_on
                0x80e82794                __red_LED_on
 .text          0x80e829dc       0xc8 arch/arm/lib/libarm.a(cache-cp15.o)
                0x80e82a80                dcache_enable
                0x80e82a5c                icache_enable
                0x80e82a64                icache_disable
                0x80e82a90                dcache_status
                0x80e82a6c                icache_status
                0x80e82a88                dcache_disable
 .text          0x80e82aa4      0x264 arch/arm/lib/libarm.a(interrupts.o)
                0x80e82c30                do_fiq
                0x80e82ce4                do_undefined_instruction
                0x80e82ab0                show_regs
                0x80e82c0c                do_irq
                0x80e82bf0                bad_mode
                0x80e82c9c                do_prefetch_abort
                0x80e82aa8                disable_interrupts
                0x80e82c54                do_not_used
                0x80e82c78                do_data_abort
                0x80e82cc0                do_software_interrupt
                0x80e82aa4                enable_interrupts
 .text          0x80e82d08      0x698 drivers/i2c/libi2c.a(omap24xx_i2c.o)
                0x80e82fe8                i2c_set_bus_num
                0x80e83074                i2c_write
                0x80e82e14                i2c_probe
                0x80e831f4                i2c_read
                0x80e82ec4                i2c_init
 .text          0x80e833a0       0xe0 drivers/mtd/nand/libnand.a(nand.o)
                0x80e833a0                nand_init
 .text          0x80e83480     0x3ce8 drivers/mtd/nand/libnand.a(nand_base.o)
                0x80e86544                nand_wait_ready
                0x80e84908                nand_scan_ident
                0x80e855f0                nand_scan
                0x80e86088                nand_erase_nand
                0x80e84f04                nand_scan_tail
                0x80e848c0                nand_release
 .text          0x80e87168     0x1830 drivers/mtd/nand/libnand.a(nand_bbt.o)
                0x80e8726c                nand_isbad_bbt
                0x80e888d4                nand_default_bbt
                0x80e88174                nand_update_bbt
                0x80e88450                nand_scan_bbt
 .text          0x80e88998      0x224 drivers/mtd/nand/libnand.a(nand_ecc.o)
                0x80e88a90                nand_correct_data
                0x80e88998                nand_calculate_ecc
 .text          0x80e88bbc        0x0 drivers/mtd/nand/libnand.a(nand_ids.o)
 .text          0x80e88bbc      0x5b0 drivers/mtd/nand/libnand.a(omap_gpmc.o)
                0x80e89070                board_nand_init
                0x80e88e5c                omap_nand_switch_ecc
 .text          0x80e8916c      0x574 drivers/mtd/nand/libnand.a(omap_bch_soft.o)
                0x80e89690                omap_correct_data_bch8
                0x80e8916c                omap_get_ecc_layout_bch
                0x80e8945c                omap_enable_hwecc_bch4
                0x80e89204                omap_hwecc_init_bch
                0x80e89328                omap_calculate_ecc_bch4
                0x80e896b8                omap_correct_data_bch4
                0x80e893ac                omap_enable_hwecc_bch8
                0x80e89220                omap_calculate_ecc_bch8
 .text          0x80e896e0      0x648 drivers/mtd/nand/libnand.a(omap_bch_decoder.o)
                0x80e89740                decode_bch
 .text          0x80e89d28      0x16c drivers/serial/libserial.a(serial.o)
                0x80e89d50                _serial_setbrg
                0x80e89de0                serial_putc_raw
                0x80e89d7c                serial_setbrg
                0x80e89d84                _serial_tstc
                0x80e89d98                serial_tstc
                0x80e89e2c                serial_putc
                0x80e89e34                _serial_puts
                0x80e89dc4                _serial_putc_raw
                0x80e89e6c                serial_init
                0x80e89e64                serial_puts
                0x80e89da0                _serial_getc
                0x80e89dbc                serial_getc
                0x80e89de8                _serial_putc
 .text          0x80e89e94       0xe0 drivers/serial/libserial.a(ns16550.o)
                0x80e89f40                NS16550_putc
                0x80e89e94                NS16550_init
                0x80e89f68                NS16550_tstc
                0x80e89f54                NS16550_getc
                0x80e89eec                NS16550_reinit
 .text          0x80e89f74       0xc4 common/libcommon.a(cmd_bdinfo.o)
                0x80e89f88                do_bdinfo
 .text          0x80e8a038       0x90 common/libcommon.a(cmd_boot.o)
                0x80e8a050                do_go
                0x80e8a038                do_go_exec
 .text          0x80e8a0c8      0xab4 common/libcommon.a(cmd_bootm.o)
                0x80e8a0f4                do_bootd
                0x80e8a0f0                arch_preboot_os
                0x80e8a8f8                do_bootm
                0x80e8a748                do_bootm_subcommand
                0x80e8a0f0                __arch_preboot_os
 .text          0x80e8ab7c       0xf0 common/libcommon.a(cmd_console.o)
                0x80e8ab7c                do_coninfo
 .text          0x80e8ac6c       0x80 common/libcommon.a(cmd_echo.o)
                0x80e8ac6c                do_echo
 .text          0x80e8acec       0x30 common/libcommon.a(cmd_exit.o)
                0x80e8acec                do_exit
 .text          0x80e8ad1c      0x460 common/libcommon.a(cmd_ext2.o)
                0x80e8b044                do_ext2ls
                0x80e8ad1c                do_ext2load
 .text          0x80e8b17c      0x364 common/libcommon.a(cmd_fat.o)
                0x80e8b35c                do_fat_fsload
                0x80e8b17c                do_fat_fsinfo
                0x80e8b254                do_fat_ls
 .text          0x80e8b4e0       0x4c common/libcommon.a(cmd_help.o)
                0x80e8b4e0                do_help
 .text          0x80e8b52c      0x954 common/libcommon.a(cmd_i2c.o)
                0x80e8b54c                __def_i2c_get_bus_speed
                0x80e8b558                __def_i2c_set_bus_speed
                0x80e8b558                i2c_set_bus_speed
                0x80e8b54c                i2c_get_bus_speed
 .text          0x80e8be80      0x304 common/libcommon.a(cmd_itest.o)
                0x80e8bf08                binary_test
                0x80e8c0e8                do_itest
 .text          0x80e8c184      0x29c common/libcommon.a(cmd_jffs2.o)
                0x80e8c218                do_jffs2_fsinfo
                0x80e8c27c                do_jffs2_ls
                0x80e8c2dc                do_jffs2_fsload
 .text          0x80e8c420      0xc80 common/libcommon.a(cmd_load.o)
                0x80e8c4ac                k_data_init
                0x80e8c58c                s1_sendpacket
                0x80e8c5b8                handle_send_packet
                0x80e8c4ec                k_data_restore
                0x80e8c77c                send_nack
                0x80e8c964                do_load_serial_bin
                0x80e8c50c                k_data_char
                0x80e8c440                chk1
                0x80e8c4cc                k_data_save
                0x80e8c420                ktrans
                0x80e8c55c                send_pad
                0x80e8c7dc                send_ack
                0x80e8cfc0                do_load_serial
 .text          0x80e8d0a0      0x92c common/libcommon.a(cmd_mem.o)
                0x80e8d14c                do_mem_base
                0x80e8d69c                do_mem_mw
                0x80e8d0a0                do_mem_crc
                0x80e8d8b4                do_mem_nm
                0x80e8d8d4                do_mem_mm
                0x80e8d430                do_mem_cp
                0x80e8d190                do_mem_mtest
                0x80e8d504                do_mem_cmp
                0x80e8d338                do_mem_loop
                0x80e8d8f4                do_mem_md
 .text          0x80e8d9cc       0x84 common/libcommon.a(cmd_misc.o)
                0x80e8d9cc                do_sleep
 .text          0x80e8da50      0x13c common/libcommon.a(cmd_mmc.o)
                0x80e8da50                do_mmc
 .text          0x80e8db8c     0x1fec common/libcommon.a(cmd_mtdparts.o)
                0x80e8e148                mtd_id_parse
                0x80e8ef1c                mtdparts_init
                0x80e8f4fc                do_mtdparts
                0x80e8e254                find_dev_and_part
                0x80e8faac                do_chpart
                0x80e8dbfc                device_find
                0x80e8eb9c                mtd_device_validate
 .text          0x80e8fb78     0x1098 common/libcommon.a(cmd_nand.o)
                0x80e8ffe0                do_nandboot
                0x80e90450                do_nand
 .text          0x80e90c10      0x828 common/libcommon.a(cmd_nvedit.o)
                0x80e90d50                getenv
                0x80e90db8                _do_setenv
                0x80e90c80                getenv_r
                0x80e913a4                do_printenv
                0x80e91200                setenv
                0x80e90c10                get_env_id
                0x80e90d24                do_saveenv
                0x80e911d4                do_setenv
                0x80e9124c                do_editenv
                0x80e90c20                envmatch
 .text          0x80e91438      0x194 common/libcommon.a(cmd_source.o)
                0x80e91458                source
                0x80e91588                do_source
 .text          0x80e915cc      0x48c common/libcommon.a(cmd_test.o)
                0x80e915dc                do_test
                0x80e915cc                do_false
                0x80e915d4                do_true
 .text          0x80e91a58     0x116c common/libcommon.a(cmd_usb.o)
                0x80e92550                usb_display_conf_desc
                0x80e920fc                usb_show_tree_graph
                0x80e91a58                usb_get_class_desc
                0x80e91b00                usb_display_ep_desc
                0x80e92358                usb_display_desc
                0x80e91bd4                usb_display_class_sub
                0x80e92324                usb_show_tree
                0x80e92488                usb_display_string
                0x80e924c8                usb_display_if_desc
                0x80e925fc                usb_display_config
                0x80e91d48                do_usbboot
                0x80e9268c                do_usb
 .text          0x80e92bc4       0x20 common/libcommon.a(cmd_version.o)
                0x80e92bc4                do_version
 .text          0x80e92be4      0x2d8 common/libcommon.a(cmd_ximg.o)
                0x80e92be4                do_imgextract
 .text          0x80e92ebc      0x898 common/libcommon.a(command.o)
                0x80e9301c                find_cmd_tbl
                0x80e92f34                cmd_usage
                0x80e930dc                cmd_auto_complete
                0x80e930b4                find_cmd
                0x80e92ebc                cmd_get_data_size
                0x80e935d4                _do_help
                0x80e93584                install_auto_complete
                0x80e92f94                var_complete
 .text          0x80e93754      0x56c common/libcommon.a(console.o)
                0x80e93af8                console_init_r
                0x80e939fc                printf
                0x80e93924                console_assign
                0x80e93c58                getc
                0x80e938fc                search_device
                0x80e939b0                puts
                0x80e938e0                dbg
                0x80e93be0                serial_printf
                0x80e93824                ftstc
                0x80e93964                fprintf
                0x80e93c40                tstc
                0x80e939cc                vprintf
                0x80e93c70                ctrlc
                0x80e93c24                putc
                0x80e938a4                disable_ctrlc
                0x80e937fc                fgetc
                0x80e938bc                had_ctrlc
                0x80e9384c                fputc
                0x80e938ec                console_init_f
                0x80e938cc                clear_ctrlc
                0x80e93a40                stdio_print_current_devices
                0x80e93878                fputs
 .text          0x80e93cc0     0x10cc common/libcommon.a(dlmalloc.o)
                0x80e93ff8                malloc
                0x80e94724                pvalloc
                0x80e94804                calloc
                0x80e94748                malloc_usable_size
                0x80e948e4                mem_malloc_init
                0x80e94910                realloc
                0x80e93cf4                malloc_trim
                0x80e93cc0                sbrk
                0x80e9478c                mallopt
                0x80e94614                memalign
                0x80e93ff4                cfree
                0x80e9473c                valloc
                0x80e93dc0                free
 .text          0x80e94d8c      0x270 common/libcommon.a(env_common.o)
                0x80e94dcc                env_get_char
                0x80e94dac                env_get_addr
                0x80e94f5c                set_default_env
                0x80e94dfc                env_complete
                0x80e94fa4                env_relocate
                0x80e94f30                env_crc_update
                0x80e94d8c                env_get_char_memory
 .text          0x80e94ffc      0x2c4 common/libcommon.a(env_nand.o)
                0x80e951c4                env_relocate_spec
                0x80e95218                saveenv
                0x80e9500c                env_get_char_spec
                0x80e95018                env_init
                0x80e95034                writeenv
                0x80e950e4                readenv
 .text          0x80e952c0      0x1e4 common/libcommon.a(exports.o)
                0x80e952cc                jumptable_init
                0x80e952c4                get_version
 .text          0x80e954a4     0x1d94 common/libcommon.a(hush.o)
                0x80e95774                new_pipe
                0x80e955e0                mapset
                0x80e969a8                parse_string_outer
                0x80e96318                update_ifs_map
                0x80e96168                set_local_var
                0x80e96964                parse_file_outer
                0x80e954c0                simple_itoa
                0x80e95a74                unset_local_var
                0x80e95618                do_showvar
                0x80e95c38                reserved_word
                0x80e95704                u_boot_hush_start
 .text          0x80e97238      0x7b4 common/libcommon.a(image.o)
                0x80e976d0                getenv_bootm_size
                0x80e974d8                image_print_contents
                0x80e9737c                genimg_get_comp_id
                0x80e973c4                genimg_get_os_id
                0x80e9729c                get_table_entry_name
                0x80e97328                genimg_has_config
                0x80e973ac                genimg_get_arch_id
                0x80e972dc                genimg_get_arch_name
                0x80e977a0                boot_get_ramdisk
                0x80e9774c                image_check_hcrc
                0x80e972c4                genimg_get_os_name
                0x80e972f4                genimg_get_type_name
                0x80e97400                genimg_get_format
                0x80e9730c                genimg_get_comp_name
                0x80e97704                image_check_dcrc
                0x80e974a8                genimg_print_size
                0x80e97678                getenv_bootm_low
                0x80e97324                genimg_get_image
                0x80e97394                genimg_get_type_id
                0x80e97274                image_multi_count
                0x80e9766c                memmove_wd
                0x80e97330                get_table_entry_id
                0x80e97424                image_multi_getimg
                0x80e976ac                getenv_yesno
 .text          0x80e979ec      0x924 common/libcommon.a(main.o)
                0x80e979ec                __show_boot_progress
                0x80e97aec                run_command
                0x80e97a7c                do_run
                0x80e979f0                parse_line
                0x80e981f4                readline
                0x80e979ec                show_boot_progress
                0x80e9820c                main_loop
                0x80e97fec                readline_into_buffer
 .text          0x80e98310      0x2dc common/libcommon.a(s_record.o)
                0x80e9837c                srec_decode
 .text          0x80e985ec      0x184 common/libcommon.a(stdio.o)
                0x80e985f8                stdio_clone
                0x80e985ec                stdio_get_list
                0x80e9871c                stdio_get_by_name
                0x80e98680                stdio_init
                0x80e98640                stdio_register
 .text          0x80e98770     0x16c0 common/libcommon.a(usb.o)
                0x80e99250                usb_set_idle
                0x80e98788                usb_maxpacket
                0x80e99a2c                usb_hub_probe
                0x80e98b08                usb_stop
                0x80e99db4                usb_init
                0x80e98770                usb_disable_asynch
                0x80e99590                usb_clear_halt
                0x80e98b68                usb_bulk_msg
                0x80e99170                usb_get_class_descriptor
                0x80e99d38                usb_scan_devices
                0x80e98e84                usb_get_hub_descriptor
                0x80e98cbc                usb_get_port_status
                0x80e98b04                usb_submit_int_msg
                0x80e989b0                usb_parse_config
                0x80e98bcc                usb_control_msg
                0x80e992b4                usb_set_protocol
                0x80e99728                usb_hub_port_connect_change
                0x80e9937c                usb_set_interface
                0x80e988cc                usb_hub_allocate
                0x80e99070                usb_string
                0x80e991e0                usb_get_report
                0x80e9948c                usb_get_descriptor
                0x80e99818                usb_hub_configure
                0x80e98ee0                usb_get_string
                0x80e98b44                wait_ms
                0x80e98e30                usb_clear_hub_feature
                0x80e994f8                usb_get_configuration_no
                0x80e98dd0                usb_clear_port_feature
                0x80e98d70                usb_set_port_feature
                0x80e99a8c                usb_new_device
                0x80e98d1c                usb_get_hub_status
                0x80e99314                usb_set_configuration
                0x80e98824                usb_set_maxpacket
                0x80e99448                usb_set_address
                0x80e98910                usb_alloc_new_device
                0x80e988b8                usb_hub_reset
                0x80e98888                usb_get_dev_index
 .text          0x80e99e30     0x1584 common/libcommon.a(usb_storage.o)
                0x80e9a1dc                usb_storage_probe
                0x80e9b158                usb_stor_CB_transport
                0x80e9abb0                usb_stor_CB_comdat
                0x80e9a624                usb_stor_write
                0x80e99e50                usb_stor_get_dev
                0x80e9a838                usb_stor_read
                0x80e99e94                usb_show_progress
                0x80e9aa4c                usb_stor_scan
                0x80e9ade0                usb_stor_BBB_comdat
                0x80e9b344                usb_stor_info
                0x80e99f78                usb_stor_get_info
                0x80e9a40c                usb_stor_BBB_clear_endpt_stall
                0x80e9b088                usb_stor_CBI_get_status
                0x80e9aebc                usb_stor_BBB_transport
 .text          0x80e9b3b4      0x9dc common/libcommon.a(xyzModem.o)
                0x80e9b4dc                xyzModem_error
                0x80e9b578                xyzModem_stream_close
                0x80e9b5cc                CYGACC_COMM_IF_GETC_TIMEOUT
                0x80e9b3b4                parse_num
                0x80e9b648                xyzModem_stream_terminate
                0x80e9bc2c                xyzModem_stream_open
                0x80e9b5c4                CYGACC_COMM_IF_PUTC
                0x80e9b9a0                xyzModem_stream_read
 .text          0x80e9bd90      0x9a4 board/ti/beagle/libbeagle.a(beagle.o)
                0x80e9bd90                beagle_get_revision
                0x80e9c704                board_init
                0x80e9c368                beagle_identify
                0x80e9bda0                set_muxconf_regs
                0x80e9c3fc                misc_init_r
 .text          0x80e9c734       0x48 lib/libgeneric.a(crc16.o)
                0x80e9c734                cyg_crc16
 .text          0x80e9c77c      0x110 lib/libgeneric.a(crc32.o)
                0x80e9c874                crc32
                0x80e9c888                crc32_wd
                0x80e9c77c                crc32_no_comp
 .text          0x80e9c88c        0x0 lib/libgeneric.a(ctype.o)
 .text          0x80e9c88c      0x2dc lib/libgeneric.a(display_options.o)
                0x80e9ca08                print_buffer
                0x80e9c9e8                display_options
                0x80e9c88c                print_size
 .text          0x80e9cb68      0x1d4 lib/libgeneric.a(gunzip.o)
                0x80e9cc5c                gunzip
                0x80e9cd24                zfree
                0x80e9cb68                zunzip
                0x80e9cd2c                zalloc
 .text          0x80e9cd3c       0x78 lib/libgeneric.a(net_utils.o)
                0x80e9cd3c                string_to_ip
 .text          0x80e9cdb4      0x64c lib/libgeneric.a(string.o)
                0x80e9cdb4                strcpy
                0x80e9d308                memscan
                0x80e9d26c                memmove
                0x80e9d1f0                memcpy
                0x80e9d0fc                strswab
                0x80e9cf9c                strnlen
                0x80e9cf64                strrchr
                0x80e9cdf8                strcat
                0x80e9d39c                memchr
                0x80e9d338                strstr
                0x80e9cec8                strncmp
                0x80e9cdd0                strncpy
                0x80e9d1c4                bcopy
                0x80e9d048                strtok
                0x80e9d2c8                memcmp
                0x80e9ce2c                strncat
                0x80e9d3cc                strdup
                0x80e9d148                memset
                0x80e9ce90                strcmp
                0x80e9d0c8                strsep
                0x80e9cfc4                strspn
                0x80e9cf44                strlen
                0x80e9cf18                strchr
                0x80e9d008                strpbrk
 .text          0x80e9d400       0x2c lib/libgeneric.a(time.o)
                0x80e9d400                udelay
 .text          0x80e9d42c      0xcb0 lib/libgeneric.a(vsprintf.o)
                0x80e9dc0c                vsprintf
                0x80e9d528                ustrtoul
                0x80e9d500                simple_strtol
                0x80e9d6b0                panic
                0x80e9e0b4                sprintf
                0x80e9d448                simple_strtoul
                0x80e9d59c                simple_strtoull
 .text          0x80e9e0dc     0x27cc lib/libgeneric.a(zlib.o)
                0x80e9f164                inflate
                0x80e9e0dc                inflate_fast
                0x80e9ed80                inflateInit_
                0x80e9ee18                adler32
                0x80e9f154                zcfree
                0x80e9ebdc                inflateReset
                0x80e9f15c                zcalloc
                0x80e9ed90                inflateEnd
                0x80e9ec78                inflateInit2_
                0x80e9e644                inflate_table
 .text          0x80ea08a8       0xf4 lib/libgeneric.a(div64.o)
                0x80ea08a8                __div64_32
 .text          0x80ea099c      0x1d0 arch/arm/cpu/arm_cortexa8/omap3/libomap3.a(gpio.o)
                0x80ea0ac0                omap_set_gpio_direction
                0x80ea0a1c                omap_free_gpio
                0x80ea0a58                omap_request_gpio
                0x80ea0b00                omap_set_gpio_dataout
                0x80ea0a70                omap_get_gpio_datain
 .text          0x80ea0b6c      0x154 arch/arm/cpu/arm_cortexa8/omap3/libomap3.a(timer.o)
                0x80ea0b7c                __udelay
                0x80ea0b6c                set_timer
                0x80ea0c04                reset_timer
                0x80ea0cb8                get_tbclk
                0x80ea0c90                get_timer
                0x80ea0bd0                reset_timer_masked
                0x80ea0c08                timer_init
                0x80ea0c34                get_timer_masked
                0x80ea0ca4                get_ticks
 .text          0x80ea0cc0       0x18 arch/arm/cpu/arm_cortexa8/omap3/libomap3.a(reset.o)
                0x80ea0cc0                reset_cpu
 .text          0x80ea0cd8      0x22c arch/arm/lib/libarm.a(bootm.o)
                0x80ea0d10                do_bootm_linux
                0x80ea0cd8                setup_revision_tag
 .text          0x80ea0f04        0x4 arch/arm/lib/libarm.a(cache.o)
                0x80ea0f04                flush_cache
 .text          0x80ea0f08       0x30 arch/arm/lib/libarm.a(reset.o)
                0x80ea0f08                do_reset
 .text          0x80ea0f38     0x12e8 fs/fat/libfat.a(fat.o)
                0x80ea20ec                file_fat_read
                0x80ea179c                do_fat_read
                0x80ea2124                file_fat_ls
                0x80ea163c                file_fat_detectfs
                0x80ea0f64                disk_read
                0x80ea2134                fat_register_device
 .text          0x80ea2220     0x1c0c fs/jffs2/libjffs2.a(jffs2_1pass.o)
                0x80ea3174                jffs2_1pass_load
                0x80ea2ce8                jffs2_1pass_info
                0x80ea3dd8                jffs2_1pass_ls
                0x80ea2698                jffs2_1pass_rescan_needed
                0x80ea2220                mkmodestr
                0x80ea2464                jffs2_free_cache
 .text          0x80ea3e2c       0xd0 fs/jffs2/libjffs2.a(compr_rtime.o)
                0x80ea3e2c                rtime_decompress
 .text          0x80ea3efc      0x13c fs/jffs2/libjffs2.a(compr_rubin.o)
                0x80ea3ff8                dynrubin_decompress
                0x80ea3efc                rubin_do_decompress
 .text          0x80ea4038       0x18 fs/jffs2/libjffs2.a(compr_zlib.o)
                0x80ea4038                zlib_decompress
 .text          0x80ea4050      0x91c fs/jffs2/libjffs2.a(mini_inflate.o)
                0x80ea43d4                decompress_block
                0x80ea4074                pull_bits
                0x80ea40d0                pull_bit
                0x80ea4050                cramfs_memset
 .text          0x80ea496c      0xe4c fs/ext2/libext2fs.a(ext2fs.o)
                0x80ea4c00                ext2fs_read_file
                0x80ea4b4c                ext2fs_close
                0x80ea4a64                ext2fs_mount
                0x80ea5744                ext2fs_ls
                0x80ea5634                ext2fs_find_file
                0x80ea56b0                ext2fs_open
                0x80ea4b2c                ext2fs_free_node
                0x80ea50f0                ext2fs_read
                0x80ea53a0                ext2fs_find_file1
 .text          0x80ea57b8      0x21c fs/ext2/libext2fs.a(dev.o)
                0x80ea5988                ext2fs_set_blk_dev
                0x80ea57b8                ext2fs_devread
 .text          0x80ea59d4      0x374 disk/libdisk.a(part.o)
                0x80ea5ab0                dev_print
                0x80ea59d4                print_part
                0x80ea5cf0                get_dev
                0x80ea5cb0                get_partition_info
                0x80ea5cd4                init_part
 .text          0x80ea5d48      0x4c8 disk/libdisk.a(part_dos.o)
                0x80ea600c                get_partition_info_dos
                0x80ea61e4                print_part_dos
                0x80ea5d90                test_part_dos
 .text          0x80ea6210       0x3c drivers/misc/libmisc.a(twl4030_led.o)
                0x80ea6210                twl4030_led_init
 .text          0x80ea624c      0x8c8 drivers/mmc/libmmc.a(omap3_mmc.o)
                0x80ea6864                mmc_board_init
                0x80ea649c                mmc_detect_card
                0x80ea6aa0                mmc_legacy_init
                0x80ea695c                configure_mmc
                0x80ea6414                mmc_read_data
                0x80ea6340                mmc_send_cmd
                0x80ea68a0                mmc_init_setup
                0x80ea6258                mmc_init_stream
                0x80ea624c                mmc_get_dev
                0x80ea66d4                mmc_read_cardsize
                0x80ea6844                mmc_bread
                0x80ea67bc                omap_mmc_read_sect
                0x80ea62bc                mmc_clock_config
 .text          0x80ea6b14      0x1b8 drivers/mtd/libmtd.a(mtdcore.o)
                0x80ea6bb0                del_mtd_device
                0x80ea6c68                get_mtd_device_nm
                0x80ea6b14                get_mtd_device
                0x80ea6b84                put_mtd_device
                0x80ea6c00                add_mtd_device
 .text          0x80ea6ccc      0x7b4 drivers/mtd/nand/libnand.a(nand_util.o)
                0x80ea6f78                nand_write_skip_bad
                0x80ea6dc8                nand_read_skip_bad
                0x80ea7144                nand_erase_opts
 .text          0x80ea7480      0x170 drivers/power/libpower.a(twl4030.o)
                0x80ea7574                twl4030_power_reset_init
                0x80ea74fc                twl4030_power_mpu_init
                0x80ea750c                twl4030_power_init
                0x80ea74d4                twl4030_power_mmc_init
                0x80ea74a8                twl4030_pmrecv_vsel_cfg
 .text          0x80ea75f0      0xd44 drivers/usb/musb/libusb_musb.a(musb_hcd.o)
                0x80ea7bd4                usb_lowlevel_stop
                0x80ea786c                submit_int_msg
                0x80ea7cc8                submit_bulk_msg
                0x80ea803c                submit_control_msg
                0x80ea7bf8                usb_lowlevel_init
 .text          0x80ea8334      0x218 drivers/usb/musb/libusb_musb.a(musb_core.o)
                0x80ea8334                musb_start
                0x80ea839c                musb_configure_ep
                0x80ea84bc                write_fifo
                0x80ea8508                read_fifo
 .text          0x80ea854c       0x9c drivers/usb/musb/libusb_musb.a(omap3.o)
                0x80ea854c                musb_platform_deinit
                0x80ea8550                musb_platform_init
 .text          0x80ea85e8      0x270 drivers/usb/phy/libusb_phy.a(twl4030.o)
                0x80ea869c                twl4030_usb_ulpi_init
 .text          0x80ea8858       0x38 arch/arm/cpu/arm_cortexa8/libarm_cortexa8.a(cpu.o)
                0x80ea8858                cleanup_before_linux
 .text          0x80ea8890       0x20 /home/ourselec/mtp3730_linux/psp/u-boot-2010.06-psp04.02.00.07.sdk/arch/arm/lib/eabi_compat.o
                0x80ea8890                __aeabi_unwind_cpp_pr0
                0x80ea8894                raise
 .text          0x80ea88b0      0x20c /home/ourselec/mtp3730_linux/psp/arm-2009q1/bin/../lib/gcc/arm-none-linux-gnueabi/4.3.3/libgcc.a(_udivsi3.o)
                0x80ea88b0                __udivsi3
                0x80ea88b0                __aeabi_uidiv
                0x80ea8a9c                __aeabi_uidivmod
 .text          0x80ea8abc      0x240 /home/ourselec/mtp3730_linux/psp/arm-2009q1/bin/../lib/gcc/arm-none-linux-gnueabi/4.3.3/libgcc.a(_divsi3.o)
                0x80ea8abc                __aeabi_idiv
                0x80ea8abc                __divsi3
                0x80ea8cdc                __aeabi_idivmod
 .text          0x80ea8cfc       0x1c /home/ourselec/mtp3730_linux/psp/arm-2009q1/bin/../lib/gcc/arm-none-linux-gnueabi/4.3.3/libgcc.a(_lshrdi3.o)
                0x80ea8cfc                __aeabi_llsr
                0x80ea8cfc                __lshrdi3
 .text          0x80ea8d18       0x1c /home/ourselec/mtp3730_linux/psp/arm-2009q1/bin/../lib/gcc/arm-none-linux-gnueabi/4.3.3/libgcc.a(_ashrdi3.o)
                0x80ea8d18                __ashrdi3
                0x80ea8d18                __aeabi_lasr
 .text          0x80ea8d34       0x1c /home/ourselec/mtp3730_linux/psp/arm-2009q1/bin/../lib/gcc/arm-none-linux-gnueabi/4.3.3/libgcc.a(_ashldi3.o)
                0x80ea8d34                __ashldi3
                0x80ea8d34                __aeabi_llsl
 .text          0x80ea8d50       0x10 /home/ourselec/mtp3730_linux/psp/arm-2009q1/bin/../lib/gcc/arm-none-linux-gnueabi/4.3.3/libgcc.a(_dvmd_lnx.o)
                0x80ea8d50                __aeabi_ldiv0
                0x80ea8d50                __aeabi_idiv0

.glue_7         0x80ea8d60        0x0
 .glue_7        0x00000000        0x0 linker stubs

.glue_7t        0x80ea8d60        0x0
 .glue_7t       0x00000000        0x0 linker stubs

.vfp11_veneer   0x80ea8d60        0x0
 .vfp11_veneer  0x00000000        0x0 linker stubs

.v4_bx          0x80ea8d60        0x0
 .v4_bx         0x00000000        0x0 linker stubs
                0x80ea8d60                . = ALIGN (0x4)

.rodata         0x80ea8d60     0x854e
 *(SORT(.rodata*))
 .rodata        0x80ea8d60       0x60 drivers/mtd/nand/libnand.a(nand_base.o)
 .rodata        0x80ea8dc0       0x14 arch/arm/cpu/arm_cortexa8/omap3/libomap3.a(sys_info.o)
 .rodata        0x80ea8dd4       0x1c arch/arm/cpu/arm_cortexa8/omap3/libomap3.a(mem.o)
 .rodata        0x80ea8df0       0x80 arch/arm/lib/libarm.a(interrupts.o)
 .rodata        0x80ea8e70       0x20 drivers/mtd/nand/libnand.a(omap_bch_decoder.o)
 .rodata        0x80ea8e90       0x10 drivers/serial/libserial.a(serial.o)
 .rodata        0x80ea8ea0       0x4c common/libcommon.a(cmd_bootm.o)
 .rodata        0x80ea8eec        0x8 common/libcommon.a(cmd_mtdparts.o)
 .rodata        0x80ea8ef4       0x18 common/libcommon.a(cmd_nvedit.o)
 .rodata        0x80ea8f0c        0xc board/ti/beagle/libbeagle.a(beagle.o)
                0x80ea8f0c                sysinfo
 .rodata        0x80ea8f18      0x400 lib/libgeneric.a(crc32.o)
 .rodata        0x80ea9318      0x9cc lib/libgeneric.a(zlib.o)
                0x80ea9cbc                z_errmsg
 .rodata        0x80ea9ce4       0xc4 fs/jffs2/libjffs2.a(jffs2_1pass.o)
 .rodata        0x80ea9da8       0x18 disk/libdisk.a(part.o)
 .rodata        0x80ea9dc0      0x200 lib/libgeneric.a(crc16.o)
 .rodata        0x80ea9fc0       0x78 drivers/mmc/libmmc.a(omap3_mmc.o)
                0x80ea9fc0                mmc_transspeed_val
 .rodata        0x80eaa038       0x2e arch/arm/lib/libarm.a(board.o)
                0x80eaa038                version_string
 .rodata        0x80eaa066        0x5 drivers/mtd/nand/libnand.a(nand.o)
 .rodata        0x80eaa06b      0x100 drivers/mtd/nand/libnand.a(nand_ecc.o)
 .rodata        0x80eaa16b        0x6 lib/libgeneric.a(display_options.o)
 .rodata        0x80eaa171       0x21 lib/libgeneric.a(vsprintf.o)
                0x80eaa181                hex_asc
 .rodata        0x80eaa192       0x13 fs/jffs2/libjffs2.a(mini_inflate.o)
 .rodata        0x80eaa1a5       0x13 drivers/usb/musb/libusb_musb.a(omap3.o)
 .rodata.str1.1
                0x80eaa1b8      0x14f arch/arm/cpu/arm_cortexa8/omap3/libomap3.a(board.o)
                                0x152 (size before relaxing)
 .rodata.str1.1
                0x80eaa307       0xae arch/arm/cpu/arm_cortexa8/omap3/libomap3.a(sys_info.o)
                                 0xaf (size before relaxing)
 .rodata.str1.1
                0x80eaa3b5       0x69 arch/arm/lib/libarm.a(board.o)
                                 0x6b (size before relaxing)
 .rodata.str1.1
                0x80eaa41e      0x264 arch/arm/lib/libarm.a(interrupts.o)
                                0x27b (size before relaxing)
 .rodata.str1.1
                0x80eaa682       0xf8 drivers/i2c/libi2c.a(omap24xx_i2c.o)
 .rodata.str1.1
                0x80eaa77a        0xf drivers/mtd/nand/libnand.a(nand.o)
 .rodata.str1.1
                0x80eaa789      0x2ca drivers/mtd/nand/libnand.a(nand_base.o)
 .rodata.str1.1
                0x80eaaa53      0x309 drivers/mtd/nand/libnand.a(nand_bbt.o)
 .rodata.str1.1
                0x80eaad5c      0x31f drivers/mtd/nand/libnand.a(nand_ids.o)
                                0x335 (size before relaxing)
 .rodata.str1.1
                0x80eab07b      0x129 drivers/mtd/nand/libnand.a(omap_gpmc.o)
                                0x13a (size before relaxing)
 .rodata.str1.1
                0x80eab1a4        0xc drivers/mtd/nand/libnand.a(omap_bch_soft.o)
                                 0x2b (size before relaxing)
 .rodata.str1.1
                0x80eab1b0       0x81 common/libcommon.a(cmd_bdinfo.o)
                                 0x82 (size before relaxing)
 .rodata.str1.1
                0x80eab231       0xef common/libcommon.a(cmd_boot.o)
                                 0xf0 (size before relaxing)
 .rodata.str1.1
                0x80eab320      0x682 common/libcommon.a(cmd_bootm.o)
                                0x691 (size before relaxing)
 .rodata.str1.1
                0x80eab9a2       0x5c common/libcommon.a(cmd_console.o)
                                 0x61 (size before relaxing)
 .rodata.str1.1
                0x80eab9fe       0x50 common/libcommon.a(cmd_echo.o)
                                 0x55 (size before relaxing)
 .rodata.str1.1
                0x80eaba4e       0x11 common/libcommon.a(cmd_exit.o)
                                 0x12 (size before relaxing)
 .rodata.str1.1
                0x80eaba5f      0x2d8 common/libcommon.a(cmd_ext2.o)
                                0x39a (size before relaxing)
 .rodata.str1.1
                0x80eabd37      0x2e1 common/libcommon.a(cmd_fat.o)
                                0x3a5 (size before relaxing)
 .rodata.str1.1
                0x80eac018       0x98 common/libcommon.a(cmd_help.o)
                                 0x9b (size before relaxing)
 .rodata.str1.1
                0x80eac0b0      0x3a7 common/libcommon.a(cmd_i2c.o)
                                0x3e1 (size before relaxing)
 .rodata.str1.1
                0x80eac457       0xb3 common/libcommon.a(cmd_itest.o)
                                 0xb5 (size before relaxing)
 .rodata.str1.1
                0x80eac50a      0x193 common/libcommon.a(cmd_jffs2.o)
                                0x1d6 (size before relaxing)
 .rodata.str1.1
                0x80eac69d      0x336 common/libcommon.a(cmd_load.o)
                                0x353 (size before relaxing)
 .rodata.str1.1
                0x80eac9d3      0x461 common/libcommon.a(cmd_mem.o)
                                0x491 (size before relaxing)
 .rodata.str1.1
                0x80eace34       0x5f common/libcommon.a(cmd_misc.o)
 .rodata.str1.1
                0x80eace93       0xc0 common/libcommon.a(cmd_mmc.o)
                                 0xc7 (size before relaxing)
 .rodata.str1.1
                0x80eacf53      0xcfc common/libcommon.a(cmd_mtdparts.o)
                                0xd6a (size before relaxing)
 .rodata.str1.1
                0x80eadc4f      0x74a common/libcommon.a(cmd_nand.o)
                                0x79b (size before relaxing)
 .rodata.str1.1
                0x80eae399      0x343 common/libcommon.a(cmd_nvedit.o)
                                0x392 (size before relaxing)
 .rodata.str1.1
                0x80eae6dc      0x101 common/libcommon.a(cmd_source.o)
                                0x108 (size before relaxing)
 .rodata.str1.1
                0x80eae7dd       0x6e common/libcommon.a(cmd_test.o)
                                 0x96 (size before relaxing)
 .rodata.str1.1
                0x80eae84b      0x855 common/libcommon.a(cmd_usb.o)
                                0x969 (size before relaxing)
 .rodata.str1.1
                0x80eaf0a0       0x1b common/libcommon.a(cmd_version.o)
                                 0x24 (size before relaxing)
 .rodata.str1.1
                0x80eaf0bb      0x187 common/libcommon.a(cmd_ximg.o)
                                0x22f (size before relaxing)
 .rodata.str1.1
                0x80eaf242       0xae common/libcommon.a(command.o)
                                 0xd6 (size before relaxing)
 .rodata.str1.1
                0x80eaf2f0       0x70 common/libcommon.a(console.o)
                                 0x74 (size before relaxing)
 .rodata.str1.1
                0x80eaf360       0x33 common/libcommon.a(env_common.o)
                                 0x37 (size before relaxing)
 .rodata.str1.1
                0x80eaf393       0x74 common/libcommon.a(env_nand.o)
 .rodata.str1.1
                0x80eaf407      0x234 common/libcommon.a(hush.o)
                                0x27b (size before relaxing)
 .rodata.str1.1
                0x80eaf63b      0x458 common/libcommon.a(image.o)
                                0x4f3 (size before relaxing)
 .rodata.str1.1
                0x80eafa93       0x6a common/libcommon.a(main.o)
                                 0xd0 (size before relaxing)
 .rodata.str1.1
                0x80eafafd        0x7 common/libcommon.a(stdio.o)
                                 0x1b (size before relaxing)
 .rodata.str1.1
                0x80eafb04      0x28b common/libcommon.a(usb.o)
 .rodata.str1.1
                0x80eafd8f      0x1ed common/libcommon.a(usb_storage.o)
                                0x1ff (size before relaxing)
 .rodata.str1.1
                0x80eaff7c       0xe3 common/libcommon.a(xyzModem.o)
                                 0xe5 (size before relaxing)
 .rodata.str1.1
                0x80eb005f       0xa4 board/ti/beagle/libbeagle.a(beagle.o)
                                 0xa9 (size before relaxing)
 .rodata.str1.1
                0x80eb0103       0x1e lib/libgeneric.a(display_options.o)
                                 0x43 (size before relaxing)
 .rodata.str1.1
                0x80eb0121       0x85 lib/libgeneric.a(gunzip.o)
 .rodata.str1.1
                0x80eb01a6        0xe lib/libgeneric.a(vsprintf.o)
 .rodata.str1.1
                0x80eb01b4      0x21c lib/libgeneric.a(zlib.o)
                                0x21d (size before relaxing)
 .rodata.str1.1
                0x80eb03d0       0x52 arch/arm/cpu/arm_cortexa8/omap3/libomap3.a(gpio.o)
 .rodata.str1.1
                0x80eb0422       0x42 arch/arm/lib/libarm.a(bootm.o)
                                 0x4b (size before relaxing)
 .rodata.str1.1
                0x80eb0464        0xf arch/arm/lib/libarm.a(reset.o)
 .rodata.str1.1
                0x80eb0473      0x15f fs/fat/libfat.a(fat.o)
                                0x16d (size before relaxing)
 .rodata.str1.1
                0x80eb05d2      0x3d4 fs/jffs2/libjffs2.a(jffs2_1pass.o)
                                0x3e7 (size before relaxing)
 .rodata.str1.1
                0x80eb09a6      0x1be fs/ext2/libext2fs.a(ext2fs.o)
 .rodata.str1.1
                0x80eb0b64       0xdc fs/ext2/libext2fs.a(dev.o)
 .rodata.str1.1
                0x80eb0c40      0x1af disk/libdisk.a(part.o)
                                0x1e4 (size before relaxing)
 .rodata.str1.1
                0x80eb0def       0xe5 disk/libdisk.a(part_dos.o)
                                 0xf1 (size before relaxing)
 .rodata.str1.1
                0x80eb0ed4       0x50 drivers/mtd/libmtd.a(mtdcore.o)
 .rodata.str1.1
                0x80eb0f24      0x24c drivers/mtd/nand/libnand.a(nand_util.o)
                                0x24e (size before relaxing)
 .rodata.str1.1
                0x80eb1170       0x8a drivers/power/libpower.a(twl4030.o)
 .rodata.str1.1
                0x80eb11fa       0x24 drivers/usb/musb/libusb_musb.a(omap3.o)
 .rodata.str1.1
                0x80eb121e       0x75 drivers/usb/phy/libusb_phy.a(twl4030.o)
 .rodata.str1.1
                0x80eb1293       0x1b /home/ourselec/mtp3730_linux/psp/u-boot-2010.06-psp04.02.00.07.sdk/arch/arm/lib/eabi_compat.o
                0x80eb12b0                . = ALIGN (0x4)

.data           0x80eb12b0     0x22a8
 *(.data)
 .data          0x80eb12b0        0x0 arch/arm/cpu/arm_cortexa8/start.o
 .data          0x80eb12b0        0x0 arch/arm/cpu/arm_cortexa8/omap3/libomap3.a(board.o)
 .data          0x80eb12b0        0x0 arch/arm/cpu/arm_cortexa8/omap3/libomap3.a(clock.o)
 .data          0x80eb12b0        0x0 arch/arm/cpu/arm_cortexa8/omap3/libomap3.a(syslib.o)
 .data          0x80eb12b0        0x0 arch/arm/cpu/arm_cortexa8/omap3/libomap3.a(sys_info.o)
 .data          0x80eb12b0        0x0 arch/arm/cpu/arm_cortexa8/omap3/libomap3.a(sdrc.o)
 .data          0x80eb12b0        0x0 arch/arm/cpu/arm_cortexa8/omap3/libomap3.a(lowlevel_init.o)
 .data          0x80eb12b0        0x0 arch/arm/cpu/arm_cortexa8/omap3/libomap3.a(cache.o)
 .data          0x80eb12b0        0x0 arch/arm/cpu/arm_cortexa8/omap3/libomap3.a(mem.o)
 .data          0x80eb12b0       0x38 arch/arm/lib/libarm.a(board.o)
                0x80eb12b0                init_sequence
 .data          0x80eb12e8        0x0 arch/arm/lib/libarm.a(cache-cp15.o)
 .data          0x80eb12e8        0x0 arch/arm/lib/libarm.a(interrupts.o)
 .data          0x80eb12e8        0x4 drivers/i2c/libi2c.a(omap24xx_i2c.o)
 .data          0x80eb12ec        0x4 drivers/mtd/nand/libnand.a(nand.o)
                0x80eb12ec                nand_curr_device
 .data          0x80eb12f0      0x920 drivers/mtd/nand/libnand.a(nand_base.o)
 .data          0x80eb1c10      0x10c drivers/mtd/nand/libnand.a(nand_bbt.o)
 .data          0x80eb1d1c        0x0 drivers/mtd/nand/libnand.a(nand_ecc.o)
 .data          0x80eb1d1c      0x4a0 drivers/mtd/nand/libnand.a(nand_ids.o)
                0x80eb216c                nand_manuf_ids
                0x80eb1d1c                nand_flash_ids
 .data          0x80eb21bc      0x490 drivers/mtd/nand/libnand.a(omap_gpmc.o)
 .data          0x80eb264c        0x0 drivers/mtd/nand/libnand.a(omap_bch_soft.o)
 .data          0x80eb264c        0x0 drivers/mtd/nand/libnand.a(omap_bch_decoder.o)
 .data          0x80eb264c        0x0 drivers/serial/libserial.a(serial.o)
 .data          0x80eb264c        0x0 drivers/serial/libserial.a(ns16550.o)
 .data          0x80eb264c        0x0 common/libcommon.a(cmd_bdinfo.o)
 .data          0x80eb264c        0x0 common/libcommon.a(cmd_boot.o)
 .data          0x80eb264c       0xac common/libcommon.a(cmd_bootm.o)
                0x80eb264c                load_addr
 .data          0x80eb26f8        0x0 common/libcommon.a(cmd_console.o)
 .data          0x80eb26f8        0x0 common/libcommon.a(cmd_echo.o)
 .data          0x80eb26f8        0x0 common/libcommon.a(cmd_exit.o)
 .data          0x80eb26f8        0x0 common/libcommon.a(cmd_ext2.o)
 .data          0x80eb26f8        0x0 common/libcommon.a(cmd_fat.o)
 .data          0x80eb26f8        0x0 common/libcommon.a(cmd_help.o)
 .data          0x80eb26f8      0x11c common/libcommon.a(cmd_i2c.o)
 .data          0x80eb2814       0x68 common/libcommon.a(cmd_itest.o)
                0x80eb2814                op_table
 .data          0x80eb287c        0x0 common/libcommon.a(cmd_jffs2.o)
 .data          0x80eb287c        0x4 common/libcommon.a(cmd_load.o)
 .data          0x80eb2880        0x4 common/libcommon.a(cmd_mem.o)
                0x80eb2880                dp_last_length
 .data          0x80eb2884        0x0 common/libcommon.a(cmd_misc.o)
 .data          0x80eb2884        0x4 common/libcommon.a(cmd_mmc.o)
 .data          0x80eb2888        0x0 common/libcommon.a(cmd_mtdparts.o)
 .data          0x80eb2888        0x0 common/libcommon.a(cmd_nand.o)
 .data          0x80eb2888        0x4 common/libcommon.a(cmd_nvedit.o)
 .data          0x80eb288c        0x0 common/libcommon.a(cmd_source.o)
 .data          0x80eb288c        0x0 common/libcommon.a(cmd_test.o)
 .data          0x80eb288c        0x4 common/libcommon.a(cmd_usb.o)
 .data          0x80eb2890        0x0 common/libcommon.a(cmd_version.o)
 .data          0x80eb2890        0x0 common/libcommon.a(cmd_ximg.o)
 .data          0x80eb2890        0x0 common/libcommon.a(command.o)
 .data          0x80eb2890        0x0 common/libcommon.a(console.o)
 .data          0x80eb2890      0x414 common/libcommon.a(dlmalloc.o)
 .data          0x80eb2ca4      0x45c common/libcommon.a(env_common.o)
                0x80eb2ca4                default_environment
 .data          0x80eb3100        0x4 common/libcommon.a(env_nand.o)
                0x80eb3100                env_name_spec
 .data          0x80eb3104        0x0 common/libcommon.a(exports.o)
 .data          0x80eb3104       0xac common/libcommon.a(hush.o)
 .data          0x80eb31b0      0x210 common/libcommon.a(image.o)
 .data          0x80eb33c0        0xd common/libcommon.a(main.o)
 .data          0x80eb33cd        0x0 common/libcommon.a(s_record.o)
 *fill*         0x80eb33cd        0x3 00
 .data          0x80eb33d0        0xc common/libcommon.a(stdio.o)
                0x80eb33d0                stdio_names
 .data          0x80eb33dc        0x0 common/libcommon.a(usb.o)
 .data          0x80eb33dc       0x20 common/libcommon.a(usb_storage.o)
                0x80eb33dc                us_direction
 .data          0x80eb33fc        0x0 common/libcommon.a(xyzModem.o)
 .data          0x80eb33fc        0x0 board/ti/beagle/libbeagle.a(beagle.o)
 .data          0x80eb33fc        0x0 lib/libgeneric.a(crc16.o)
 .data          0x80eb33fc        0x0 lib/libgeneric.a(crc32.o)
 .data          0x80eb33fc      0x100 lib/libgeneric.a(ctype.o)
                0x80eb33fc                _ctype
 .data          0x80eb34fc        0x0 lib/libgeneric.a(display_options.o)
 .data          0x80eb34fc        0x0 lib/libgeneric.a(gunzip.o)
 .data          0x80eb34fc        0x0 lib/libgeneric.a(net_utils.o)
 .data          0x80eb34fc        0x0 lib/libgeneric.a(string.o)
 .data          0x80eb34fc        0x0 lib/libgeneric.a(time.o)
 .data          0x80eb34fc        0x0 lib/libgeneric.a(vsprintf.o)
 .data          0x80eb34fc        0x0 lib/libgeneric.a(zlib.o)
 .data          0x80eb34fc        0x0 lib/libgeneric.a(div64.o)
 .data          0x80eb34fc       0x30 arch/arm/cpu/arm_cortexa8/omap3/libomap3.a(gpio.o)
 .data          0x80eb352c        0x0 arch/arm/cpu/arm_cortexa8/omap3/libomap3.a(timer.o)
 .data          0x80eb352c        0x0 arch/arm/cpu/arm_cortexa8/omap3/libomap3.a(reset.o)
 .data          0x80eb352c        0x0 arch/arm/lib/libarm.a(bootm.o)
 .data          0x80eb352c        0x0 arch/arm/lib/libarm.a(cache.o)
 .data          0x80eb352c        0x0 arch/arm/lib/libarm.a(reset.o)
 .data          0x80eb352c        0x4 fs/fat/libfat.a(fat.o)
 .data          0x80eb3530        0x4 fs/jffs2/libjffs2.a(jffs2_1pass.o)
 .data          0x80eb3534        0x0 fs/jffs2/libjffs2.a(compr_rtime.o)
 .data          0x80eb3534        0x0 fs/jffs2/libjffs2.a(compr_rubin.o)
 .data          0x80eb3534        0x0 fs/jffs2/libjffs2.a(compr_zlib.o)
 .data          0x80eb3534        0x0 fs/jffs2/libjffs2.a(mini_inflate.o)
 .data          0x80eb3534        0x8 fs/ext2/libext2fs.a(ext2fs.o)
                0x80eb3534                indir1_blkno
                0x80eb3538                indir2_blkno
 .data          0x80eb353c        0x0 fs/ext2/libext2fs.a(dev.o)
 .data          0x80eb353c        0x0 disk/libdisk.a(part.o)
 .data          0x80eb353c        0x0 disk/libdisk.a(part_dos.o)
 .data          0x80eb353c        0x0 drivers/misc/libmisc.a(twl4030_led.o)
 .data          0x80eb353c        0x0 drivers/mmc/libmmc.a(omap3_mmc.o)
 .data          0x80eb353c        0x0 drivers/mtd/libmtd.a(mtdcore.o)
 .data          0x80eb353c        0x0 drivers/mtd/nand/libnand.a(nand_util.o)
 .data          0x80eb353c        0x0 drivers/power/libpower.a(twl4030.o)
 .data          0x80eb353c        0xc drivers/usb/musb/libusb_musb.a(musb_hcd.o)
 .data          0x80eb3548        0x0 drivers/usb/musb/libusb_musb.a(musb_core.o)
 .data          0x80eb3548       0x10 drivers/usb/musb/libusb_musb.a(omap3.o)
                0x80eb354c                musb_cfg
 .data          0x80eb3558        0x0 drivers/usb/phy/libusb_phy.a(twl4030.o)
 .data          0x80eb3558        0x0 arch/arm/cpu/arm_cortexa8/libarm_cortexa8.a(cpu.o)
 .data          0x80eb3558        0x0 /home/ourselec/mtp3730_linux/psp/u-boot-2010.06-psp04.02.00.07.sdk/arch/arm/lib/eabi_compat.o
 .data          0x80eb3558        0x0 /home/ourselec/mtp3730_linux/psp/arm-2009q1/bin/../lib/gcc/arm-none-linux-gnueabi/4.3.3/libgcc.a(_udivsi3.o)
 .data          0x80eb3558        0x0 /home/ourselec/mtp3730_linux/psp/arm-2009q1/bin/../lib/gcc/arm-none-linux-gnueabi/4.3.3/libgcc.a(_divsi3.o)
 .data          0x80eb3558        0x0 /home/ourselec/mtp3730_linux/psp/arm-2009q1/bin/../lib/gcc/arm-none-linux-gnueabi/4.3.3/libgcc.a(_lshrdi3.o)
 .data          0x80eb3558        0x0 /home/ourselec/mtp3730_linux/psp/arm-2009q1/bin/../lib/gcc/arm-none-linux-gnueabi/4.3.3/libgcc.a(_ashrdi3.o)
 .data          0x80eb3558        0x0 /home/ourselec/mtp3730_linux/psp/arm-2009q1/bin/../lib/gcc/arm-none-linux-gnueabi/4.3.3/libgcc.a(_ashldi3.o)
 .data          0x80eb3558        0x0 /home/ourselec/mtp3730_linux/psp/arm-2009q1/bin/../lib/gcc/arm-none-linux-gnueabi/4.3.3/libgcc.a(_dvmd_lnx.o)
                0x80eb3558                . = ALIGN (0x4)

.got
 *(.got)
                0x80eb3558                __u_boot_cmd_start = .

.u_boot_cmd     0x80eb3558      0x604
 *(.u_boot_cmd)
 .u_boot_cmd    0x80eb3558       0x1c arch/arm/cpu/arm_cortexa8/omap3/libomap3.a(board.o)
                0x80eb3558                __u_boot_cmd_nandecc
 .u_boot_cmd    0x80eb3574       0x1c common/libcommon.a(cmd_bdinfo.o)
                0x80eb3574                __u_boot_cmd_bdinfo
 .u_boot_cmd    0x80eb3590       0x38 common/libcommon.a(cmd_boot.o)
                0x80eb35ac                __u_boot_cmd_reset
                0x80eb3590                __u_boot_cmd_go
 .u_boot_cmd    0x80eb35c8       0x54 common/libcommon.a(cmd_bootm.o)
                0x80eb35c8                __u_boot_cmd_bootm
                0x80eb3600                __u_boot_cmd_bootd
                0x80eb35e4                __u_boot_cmd_boot
 .u_boot_cmd    0x80eb361c       0x1c common/libcommon.a(cmd_console.o)
                0x80eb361c                __u_boot_cmd_coninfo
 .u_boot_cmd    0x80eb3638       0x1c common/libcommon.a(cmd_echo.o)
                0x80eb3638                __u_boot_cmd_echo
 .u_boot_cmd    0x80eb3654       0x1c common/libcommon.a(cmd_exit.o)
                0x80eb3654                __u_boot_cmd_exit
 .u_boot_cmd    0x80eb3670       0x38 common/libcommon.a(cmd_ext2.o)
                0x80eb368c                __u_boot_cmd_ext2load
                0x80eb3670                __u_boot_cmd_ext2ls
 .u_boot_cmd    0x80eb36a8       0x54 common/libcommon.a(cmd_fat.o)
                0x80eb36e0                __u_boot_cmd_fatinfo
                0x80eb36a8                __u_boot_cmd_fatload
                0x80eb36c4                __u_boot_cmd_fatls
 .u_boot_cmd    0x80eb36fc       0x38 common/libcommon.a(cmd_help.o)
                0x80eb3718                __u_boot_cmd_question_mark
                0x80eb36fc                __u_boot_cmd_help
 .u_boot_cmd    0x80eb3734       0x1c common/libcommon.a(cmd_i2c.o)
                0x80eb3734                __u_boot_cmd_i2c
 .u_boot_cmd    0x80eb3750       0x1c common/libcommon.a(cmd_itest.o)
                0x80eb3750                __u_boot_cmd_itest
 .u_boot_cmd    0x80eb376c       0x54 common/libcommon.a(cmd_jffs2.o)
                0x80eb37a4                __u_boot_cmd_fsinfo
                0x80eb376c                __u_boot_cmd_fsload
                0x80eb3788                __u_boot_cmd_ls
 .u_boot_cmd    0x80eb37c0       0x54 common/libcommon.a(cmd_load.o)
                0x80eb37f8                __u_boot_cmd_loady
                0x80eb37dc                __u_boot_cmd_loadb
                0x80eb37c0                __u_boot_cmd_loads
 .u_boot_cmd    0x80eb3814      0x118 common/libcommon.a(cmd_mem.o)
                0x80eb3814                __u_boot_cmd_md
                0x80eb38a0                __u_boot_cmd_cmp
                0x80eb3868                __u_boot_cmd_mw
                0x80eb38f4                __u_boot_cmd_loop
                0x80eb38d8                __u_boot_cmd_base
                0x80eb3830                __u_boot_cmd_mm
                0x80eb38bc                __u_boot_cmd_crc32
                0x80eb384c                __u_boot_cmd_nm
                0x80eb3910                __u_boot_cmd_mtest
                0x80eb3884                __u_boot_cmd_cp
 .u_boot_cmd    0x80eb392c       0x1c common/libcommon.a(cmd_misc.o)
                0x80eb392c                __u_boot_cmd_sleep
 .u_boot_cmd    0x80eb3948       0x1c common/libcommon.a(cmd_mmc.o)
                0x80eb3948                __u_boot_cmd_mmc
 .u_boot_cmd    0x80eb3964       0x38 common/libcommon.a(cmd_mtdparts.o)
                0x80eb3964                __u_boot_cmd_chpart
                0x80eb3980                __u_boot_cmd_mtdparts
 .u_boot_cmd    0x80eb399c       0x38 common/libcommon.a(cmd_nand.o)
                0x80eb399c                __u_boot_cmd_nand
                0x80eb39b8                __u_boot_cmd_nboot
 .u_boot_cmd    0x80eb39d4       0x8c common/libcommon.a(cmd_nvedit.o)
                0x80eb39f0                __u_boot_cmd_editenv
                0x80eb3a44                __u_boot_cmd_run
                0x80eb39d4                __u_boot_cmd_saveenv
                0x80eb3a0c                __u_boot_cmd_printenv
                0x80eb3a28                __u_boot_cmd_setenv
 .u_boot_cmd    0x80eb3a60       0x1c common/libcommon.a(cmd_source.o)
                0x80eb3a60                __u_boot_cmd_source
 .u_boot_cmd    0x80eb3a7c       0x54 common/libcommon.a(cmd_test.o)
                0x80eb3a98                __u_boot_cmd_false
                0x80eb3ab4                __u_boot_cmd_true
                0x80eb3a7c                __u_boot_cmd_test
 .u_boot_cmd    0x80eb3ad0       0x38 common/libcommon.a(cmd_usb.o)
                0x80eb3ad0                __u_boot_cmd_usb
                0x80eb3aec                __u_boot_cmd_usbboot
 .u_boot_cmd    0x80eb3b08       0x1c common/libcommon.a(cmd_version.o)
                0x80eb3b08                __u_boot_cmd_version
 .u_boot_cmd    0x80eb3b24       0x1c common/libcommon.a(cmd_ximg.o)
                0x80eb3b24                __u_boot_cmd_imxtract
 .u_boot_cmd    0x80eb3b40       0x1c common/libcommon.a(hush.o)
                0x80eb3b40                __u_boot_cmd_showvar
                0x80eb3b5c                __u_boot_cmd_end = .
                0x80eb3b5c                . = ALIGN (0x4)
                0x80eb3b5c                __bss_start = .

.bss            0x80eb3b60    0x3c7b8
 *(.bss)
 .bss           0x80eb3b60        0x0 arch/arm/cpu/arm_cortexa8/start.o
 .bss           0x80eb3b60        0x0 arch/arm/cpu/arm_cortexa8/omap3/libomap3.a(board.o)
 .bss           0x80eb3b60        0x0 arch/arm/cpu/arm_cortexa8/omap3/libomap3.a(clock.o)
 .bss           0x80eb3b60        0x0 arch/arm/cpu/arm_cortexa8/omap3/libomap3.a(syslib.o)
 .bss           0x80eb3b60        0x6 arch/arm/cpu/arm_cortexa8/omap3/libomap3.a(sys_info.o)
 .bss           0x80eb3b66        0x0 arch/arm/cpu/arm_cortexa8/omap3/libomap3.a(sdrc.o)
 .bss           0x80eb3b66        0x0 arch/arm/cpu/arm_cortexa8/omap3/libomap3.a(lowlevel_init.o)
 .bss           0x80eb3b66        0x0 arch/arm/cpu/arm_cortexa8/omap3/libomap3.a(cache.o)
 *fill*         0x80eb3b66        0x2 00
 .bss           0x80eb3b68       0x18 arch/arm/cpu/arm_cortexa8/omap3/libomap3.a(mem.o)
                0x80eb3b74                boot_flash_sec
                0x80eb3b70                boot_flash_off
                0x80eb3b7c                boot_flash_type
                0x80eb3b78                boot_flash_env_addr
                0x80eb3b68                gpmc_cfg
                0x80eb3b6c                boot_flash_base
 .bss           0x80eb3b80        0x4 arch/arm/lib/libarm.a(board.o)
                0x80eb3b80                monitor_flash_len
 .bss           0x80eb3b84        0x0 arch/arm/lib/libarm.a(cache-cp15.o)
 .bss           0x80eb3b84        0x0 arch/arm/lib/libarm.a(interrupts.o)
 .bss           0x80eb3b84       0x10 drivers/i2c/libi2c.a(omap24xx_i2c.o)
 *fill*         0x80eb3b94        0x4 00
 .bss           0x80eb3b98      0x1d0 drivers/mtd/nand/libnand.a(nand.o)
                0x80eb3b98                nand_info
 .bss           0x80eb3d68        0x0 drivers/mtd/nand/libnand.a(nand_base.o)
 .bss           0x80eb3d68        0x0 drivers/mtd/nand/libnand.a(nand_bbt.o)
 .bss           0x80eb3d68        0x0 drivers/mtd/nand/libnand.a(nand_ecc.o)
 .bss           0x80eb3d68        0x0 drivers/mtd/nand/libnand.a(nand_ids.o)
 .bss           0x80eb3d68        0x1 drivers/mtd/nand/libnand.a(omap_gpmc.o)
                0x80eb3d68                cs
 *fill*         0x80eb3d69        0x3 00
 .bss           0x80eb3d6c      0x248 drivers/mtd/nand/libnand.a(omap_bch_soft.o)
 .bss           0x80eb3fb4        0x0 drivers/mtd/nand/libnand.a(omap_bch_decoder.o)
 .bss           0x80eb3fb4        0x0 drivers/serial/libserial.a(serial.o)
 .bss           0x80eb3fb4        0x0 drivers/serial/libserial.a(ns16550.o)
 .bss           0x80eb3fb4        0x0 common/libcommon.a(cmd_bdinfo.o)
 .bss           0x80eb3fb4        0x0 common/libcommon.a(cmd_boot.o)
 .bss           0x80eb3fb4       0x8c common/libcommon.a(cmd_bootm.o)
 .bss           0x80eb4040        0x0 common/libcommon.a(cmd_console.o)
 .bss           0x80eb4040        0x0 common/libcommon.a(cmd_echo.o)
 .bss           0x80eb4040        0x0 common/libcommon.a(cmd_exit.o)
 .bss           0x80eb4040        0x0 common/libcommon.a(cmd_ext2.o)
 .bss           0x80eb4040        0x0 common/libcommon.a(cmd_fat.o)
 .bss           0x80eb4040        0x0 common/libcommon.a(cmd_help.o)
 .bss           0x80eb4040       0x18 common/libcommon.a(cmd_i2c.o)
 .bss           0x80eb4058        0x0 common/libcommon.a(cmd_itest.o)
 .bss           0x80eb4058        0x0 common/libcommon.a(cmd_jffs2.o)
 .bss           0x80eb4058       0x60 common/libcommon.a(cmd_load.o)
                0x80eb4084                his_pad_char
                0x80eb4068                os_data_init
                0x80eb4088                send_ptr
                0x80eb4078                os_data_char
                0x80eb4085                his_eol
                0x80eb407c                his_quote
                0x80eb408c                send_parms
                0x80eb4080                his_pad_count
 .bss           0x80eb40b8       0x14 common/libcommon.a(cmd_mem.o)
                0x80eb40c8                dp_last_size
                0x80eb40c4                dp_last_addr
                0x80eb40c0                mm_last_size
                0x80eb40bc                mm_last_addr
 .bss           0x80eb40cc        0x0 common/libcommon.a(cmd_misc.o)
 .bss           0x80eb40cc        0x0 common/libcommon.a(cmd_mmc.o)
 .bss           0x80eb40cc      0x2ac common/libcommon.a(cmd_mtdparts.o)
                0x80eb40d4                current_mtd_dev
                0x80eb40d8                current_mtd_partnum
                0x80eb42ec                mtdids
                0x80eb40cc                devices
 .bss           0x80eb4378        0x0 common/libcommon.a(cmd_nand.o)
 .bss           0x80eb4378        0x0 common/libcommon.a(cmd_nvedit.o)
 .bss           0x80eb4378        0x0 common/libcommon.a(cmd_source.o)
 .bss           0x80eb4378        0x0 common/libcommon.a(cmd_test.o)
 .bss           0x80eb4378        0x0 common/libcommon.a(cmd_usb.o)
 .bss           0x80eb4378        0x0 common/libcommon.a(cmd_version.o)
 .bss           0x80eb4378        0x0 common/libcommon.a(cmd_ximg.o)
 .bss           0x80eb4378      0x400 common/libcommon.a(command.o)
 .bss           0x80eb4778        0x8 common/libcommon.a(console.o)
 .bss           0x80eb4780       0x44 common/libcommon.a(dlmalloc.o)
                0x80eb4788                mem_malloc_end
                0x80eb4784                mem_malloc_start
                0x80eb4780                mem_malloc_brk
 .bss           0x80eb47c4        0x0 common/libcommon.a(env_common.o)
 .bss           0x80eb47c4        0x4 common/libcommon.a(env_nand.o)
                0x80eb47c4                env_ptr
 .bss           0x80eb47c8        0x0 common/libcommon.a(exports.o)
 .bss           0x80eb47c8      0x358 common/libcommon.a(hush.o)
                0x80eb4b1c                nesting_level
                0x80eb4b14                last_return_code
 .bss           0x80eb4b20        0x0 common/libcommon.a(image.o)
 .bss           0x80eb4b20      0x201 common/libcommon.a(main.o)
                0x80eb4b20                console_buffer
 .bss           0x80eb4d21        0x0 common/libcommon.a(s_record.o)
 *fill*         0x80eb4d21        0x3 00
 .bss           0x80eb4d24       0x48 common/libcommon.a(stdio.o)
                0x80eb4d60                stdio_devices
 .bss           0x80eb4d6c     0xaa1c common/libcommon.a(usb.o)
                0x80ebf778                usb_started
 .bss           0x80ebf788      0x5b8 common/libcommon.a(usb_storage.o)
 .bss           0x80ebfd40      0x43c common/libcommon.a(xyzModem.o)
 .bss           0x80ec017c        0x4 board/ti/beagle/libbeagle.a(beagle.o)
 .bss           0x80ec0180        0x0 lib/libgeneric.a(crc16.o)
 .bss           0x80ec0180        0x0 lib/libgeneric.a(crc32.o)
 .bss           0x80ec0180        0x0 lib/libgeneric.a(ctype.o)
 .bss           0x80ec0180        0x0 lib/libgeneric.a(display_options.o)
 .bss           0x80ec0180        0x0 lib/libgeneric.a(gunzip.o)
 .bss           0x80ec0180        0x0 lib/libgeneric.a(net_utils.o)
 .bss           0x80ec0180        0x4 lib/libgeneric.a(string.o)
                0x80ec0180                ___strtok
 .bss           0x80ec0184        0x0 lib/libgeneric.a(time.o)
 .bss           0x80ec0184        0x0 lib/libgeneric.a(vsprintf.o)
 .bss           0x80ec0184        0x0 lib/libgeneric.a(zlib.o)
 .bss           0x80ec0184        0x0 lib/libgeneric.a(div64.o)
 .bss           0x80ec0184        0x0 arch/arm/cpu/arm_cortexa8/omap3/libomap3.a(gpio.o)
 .bss           0x80ec0184        0x8 arch/arm/cpu/arm_cortexa8/omap3/libomap3.a(timer.o)
 .bss           0x80ec018c        0x0 arch/arm/cpu/arm_cortexa8/omap3/libomap3.a(reset.o)
 .bss           0x80ec018c        0x4 arch/arm/lib/libarm.a(bootm.o)
 .bss           0x80ec0190        0x0 arch/arm/lib/libarm.a(cache.o)
 .bss           0x80ec0190        0x0 arch/arm/lib/libarm.a(reset.o)
 .bss           0x80ec0190    0x30008 fs/fat/libfat.a(fat.o)
                0x80ec0198                get_vfatname_block
                0x80ee0198                get_dentfromdir_block
                0x80ed0198                do_fat_read_block
 .bss           0x80ef0198        0x8 fs/jffs2/libjffs2.a(jffs2_1pass.o)
 .bss           0x80ef01a0        0x0 fs/jffs2/libjffs2.a(compr_rtime.o)
 .bss           0x80ef01a0        0x0 fs/jffs2/libjffs2.a(compr_rubin.o)
 .bss           0x80ef01a0        0x0 fs/jffs2/libjffs2.a(compr_zlib.o)
 .bss           0x80ef01a0        0x0 fs/jffs2/libjffs2.a(mini_inflate.o)
 .bss           0x80ef01a0       0x20 fs/ext2/libext2fs.a(ext2fs.o)
                0x80ef01a8                ext2fs_file
                0x80ef01bc                symlinknest
                0x80ef01b0                indir1_size
                0x80ef01ac                indir1_block
                0x80ef01b4                indir2_block
                0x80ef01a4                ext2fs_root
                0x80ef01b8                indir2_size
 .bss           0x80ef01c0       0x50 fs/ext2/libext2fs.a(dev.o)
 .bss           0x80ef0210        0x0 disk/libdisk.a(part.o)
 .bss           0x80ef0210        0x0 disk/libdisk.a(part_dos.o)
 .bss           0x80ef0210        0x0 drivers/misc/libmisc.a(twl4030_led.o)
 .bss           0x80ef0210       0x80 drivers/mmc/libmmc.a(omap3_mmc.o)
                0x80ef027c                cur_card_data
 .bss           0x80ef0290       0x80 drivers/mtd/libmtd.a(mtdcore.o)
                0x80ef0290                mtd_table
 .bss           0x80ef0310        0x0 drivers/mtd/nand/libnand.a(nand_util.o)
 .bss           0x80ef0310        0x0 drivers/power/libpower.a(twl4030.o)
 .bss           0x80ef0310        0x0 drivers/usb/musb/libusb_musb.a(musb_hcd.o)
 .bss           0x80ef0310        0x4 drivers/usb/musb/libusb_musb.a(musb_core.o)
                0x80ef0310                musbr
 .bss           0x80ef0314        0x4 drivers/usb/musb/libusb_musb.a(omap3.o)
 .bss           0x80ef0318        0x0 drivers/usb/phy/libusb_phy.a(twl4030.o)
 .bss           0x80ef0318        0x0 arch/arm/cpu/arm_cortexa8/libarm_cortexa8.a(cpu.o)
 .bss           0x80ef0318        0x0 /home/ourselec/mtp3730_linux/psp/u-boot-2010.06-psp04.02.00.07.sdk/arch/arm/lib/eabi_compat.o
 .bss           0x80ef0318        0x0 /home/ourselec/mtp3730_linux/psp/arm-2009q1/bin/../lib/gcc/arm-none-linux-gnueabi/4.3.3/libgcc.a(_udivsi3.o)
 .bss           0x80ef0318        0x0 /home/ourselec/mtp3730_linux/psp/arm-2009q1/bin/../lib/gcc/arm-none-linux-gnueabi/4.3.3/libgcc.a(_divsi3.o)
 .bss           0x80ef0318        0x0 /home/ourselec/mtp3730_linux/psp/arm-2009q1/bin/../lib/gcc/arm-none-linux-gnueabi/4.3.3/libgcc.a(_lshrdi3.o)
 .bss           0x80ef0318        0x0 /home/ourselec/mtp3730_linux/psp/arm-2009q1/bin/../lib/gcc/arm-none-linux-gnueabi/4.3.3/libgcc.a(_ashrdi3.o)
 .bss           0x80ef0318        0x0 /home/ourselec/mtp3730_linux/psp/arm-2009q1/bin/../lib/gcc/arm-none-linux-gnueabi/4.3.3/libgcc.a(_ashldi3.o)
 .bss           0x80ef0318        0x0 /home/ourselec/mtp3730_linux/psp/arm-2009q1/bin/../lib/gcc/arm-none-linux-gnueabi/4.3.3/libgcc.a(_dvmd_lnx.o)
                0x80ef0318                _end = .
Address of section .text set to 0x80e80000
LOAD arch/arm/cpu/arm_cortexa8/start.o
START GROUP
LOAD lib/libgeneric.a
LOAD lib/lzma/liblzma.a
LOAD lib/lzo/liblzo.a
LOAD arch/arm/cpu/arm_cortexa8/libarm_cortexa8.a
LOAD arch/arm/cpu/arm_cortexa8/omap3/libomap3.a
LOAD arch/arm/lib/libarm.a
LOAD fs/cramfs/libcramfs.a
LOAD fs/fat/libfat.a
LOAD fs/fdos/libfdos.a
LOAD fs/jffs2/libjffs2.a
LOAD fs/reiserfs/libreiserfs.a
LOAD fs/ext2/libext2fs.a
LOAD fs/yaffs2/libyaffs2.a
LOAD fs/ubifs/libubifs.a
LOAD net/libnet.a
LOAD disk/libdisk.a
LOAD drivers/bios_emulator/libatibiosemu.a
LOAD drivers/block/libblock.a
LOAD drivers/dma/libdma.a
LOAD drivers/fpga/libfpga.a
LOAD drivers/gpio/libgpio.a
LOAD drivers/hwmon/libhwmon.a
LOAD drivers/i2c/libi2c.a
LOAD drivers/input/libinput.a
LOAD drivers/misc/libmisc.a
LOAD drivers/mmc/libmmc.a
LOAD drivers/mtd/libmtd.a
LOAD drivers/mtd/nand/libnand.a
LOAD drivers/mtd/onenand/libonenand.a
LOAD drivers/mtd/ubi/libubi.a
LOAD drivers/mtd/spi/libspi_flash.a
LOAD drivers/net/libnet.a
LOAD drivers/net/phy/libphy.a
LOAD drivers/pci/libpci.a
LOAD drivers/pcmcia/libpcmcia.a
LOAD drivers/power/libpower.a
LOAD drivers/spi/libspi.a
LOAD drivers/rtc/librtc.a
LOAD drivers/serial/libserial.a
LOAD drivers/twserial/libtws.a
LOAD drivers/usb/gadget/libusb_gadget.a
LOAD drivers/usb/host/libusb_host.a
LOAD drivers/usb/musb/libusb_musb.a
LOAD drivers/usb/phy/libusb_phy.a
LOAD drivers/video/libvideo.a
LOAD drivers/watchdog/libwatchdog.a
LOAD common/libcommon.a
LOAD lib/libfdt/libfdt.a
LOAD api/libapi.a
LOAD post/libpost.a
LOAD board/ti/beagle/libbeagle.a
END GROUP
LOAD /home/ourselec/mtp3730_linux/psp/u-boot-2010.06-psp04.02.00.07.sdk/arch/arm/lib/eabi_compat.o
LOAD /home/ourselec/mtp3730_linux/psp/arm-2009q1/bin/../lib/gcc/arm-none-linux-gnueabi/4.3.3/libgcc.a
OUTPUT(u-boot elf32-littlearm)

.ARM.attributes
                0x00000000       0x25
 .ARM.attributes
                0x00000000       0x17 arch/arm/cpu/arm_cortexa8/start.o
 .ARM.attributes
                0x00000017       0x29 arch/arm/cpu/arm_cortexa8/omap3/libomap3.a(board.o)
 .ARM.attributes
                0x00000040       0x29 arch/arm/cpu/arm_cortexa8/omap3/libomap3.a(clock.o)
 .ARM.attributes
                0x00000069       0x29 arch/arm/cpu/arm_cortexa8/omap3/libomap3.a(syslib.o)
 .ARM.attributes
                0x00000092       0x29 arch/arm/cpu/arm_cortexa8/omap3/libomap3.a(sys_info.o)
 .ARM.attributes
                0x000000bb       0x29 arch/arm/cpu/arm_cortexa8/omap3/libomap3.a(sdrc.o)
 .ARM.attributes
                0x000000e4       0x17 arch/arm/cpu/arm_cortexa8/omap3/libomap3.a(lowlevel_init.o)
 .ARM.attributes
                0x000000fb       0x17 arch/arm/cpu/arm_cortexa8/omap3/libomap3.a(cache.o)
 .ARM.attributes
                0x00000112       0x27 arch/arm/cpu/arm_cortexa8/omap3/libomap3.a(mem.o)
 .ARM.attributes
                0x00000139       0x29 arch/arm/lib/libarm.a(board.o)
 .ARM.attributes
                0x00000162       0x29 arch/arm/lib/libarm.a(cache-cp15.o)
 .ARM.attributes
                0x0000018b       0x29 arch/arm/lib/libarm.a(interrupts.o)
 .ARM.attributes
                0x000001b4       0x27 drivers/i2c/libi2c.a(omap24xx_i2c.o)
 .ARM.attributes
                0x000001db       0x27 drivers/mtd/nand/libnand.a(nand.o)
 .ARM.attributes
                0x00000202       0x29 drivers/mtd/nand/libnand.a(nand_base.o)
 .ARM.attributes
                0x0000022b       0x27 drivers/mtd/nand/libnand.a(nand_bbt.o)
 .ARM.attributes
                0x00000252       0x27 drivers/mtd/nand/libnand.a(nand_ecc.o)
 .ARM.attributes
                0x00000279       0x27 drivers/mtd/nand/libnand.a(nand_ids.o)
 .ARM.attributes
                0x000002a0       0x29 drivers/mtd/nand/libnand.a(omap_gpmc.o)
 .ARM.attributes
                0x000002c9       0x29 drivers/mtd/nand/libnand.a(omap_bch_soft.o)
 .ARM.attributes
                0x000002f2       0x27 drivers/mtd/nand/libnand.a(omap_bch_decoder.o)
 .ARM.attributes
                0x00000319       0x27 drivers/serial/libserial.a(serial.o)
 .ARM.attributes
                0x00000340       0x29 drivers/serial/libserial.a(ns16550.o)
 .ARM.attributes
                0x00000369       0x27 common/libcommon.a(cmd_bdinfo.o)
 .ARM.attributes
                0x00000390       0x27 common/libcommon.a(cmd_boot.o)
 .ARM.attributes
                0x000003b7       0x29 common/libcommon.a(cmd_bootm.o)
 .ARM.attributes
                0x000003e0       0x27 common/libcommon.a(cmd_console.o)
 .ARM.attributes
                0x00000407       0x27 common/libcommon.a(cmd_echo.o)
 .ARM.attributes
                0x0000042e       0x27 common/libcommon.a(cmd_exit.o)
 .ARM.attributes
                0x00000455       0x27 common/libcommon.a(cmd_ext2.o)
 .ARM.attributes
                0x0000047c       0x27 common/libcommon.a(cmd_fat.o)
 .ARM.attributes
                0x000004a3       0x27 common/libcommon.a(cmd_help.o)
 .ARM.attributes
                0x000004ca       0x29 common/libcommon.a(cmd_i2c.o)
 .ARM.attributes
                0x000004f3       0x29 common/libcommon.a(cmd_itest.o)
 .ARM.attributes
                0x0000051c       0x27 common/libcommon.a(cmd_jffs2.o)
 .ARM.attributes
                0x00000543       0x29 common/libcommon.a(cmd_load.o)
 .ARM.attributes
                0x0000056c       0x27 common/libcommon.a(cmd_mem.o)
 .ARM.attributes
                0x00000593       0x27 common/libcommon.a(cmd_misc.o)
 .ARM.attributes
                0x000005ba       0x27 common/libcommon.a(cmd_mmc.o)
 .ARM.attributes
                0x000005e1       0x29 common/libcommon.a(cmd_mtdparts.o)
 .ARM.attributes
                0x0000060a       0x27 common/libcommon.a(cmd_nand.o)
 .ARM.attributes
                0x00000631       0x29 common/libcommon.a(cmd_nvedit.o)
 .ARM.attributes
                0x0000065a       0x29 common/libcommon.a(cmd_source.o)
 .ARM.attributes
                0x00000683       0x29 common/libcommon.a(cmd_test.o)
 .ARM.attributes
                0x000006ac       0x29 common/libcommon.a(cmd_usb.o)
 .ARM.attributes
                0x000006d5       0x27 common/libcommon.a(cmd_version.o)
 .ARM.attributes
                0x000006fc       0x27 common/libcommon.a(cmd_ximg.o)
 .ARM.attributes
                0x00000723       0x27 common/libcommon.a(command.o)
 .ARM.attributes
                0x0000074a       0x29 common/libcommon.a(console.o)
 .ARM.attributes
                0x00000773       0x29 common/libcommon.a(dlmalloc.o)
 .ARM.attributes
                0x0000079c       0x29 common/libcommon.a(env_common.o)
 .ARM.attributes
                0x000007c5       0x29 common/libcommon.a(env_nand.o)
 .ARM.attributes
                0x000007ee       0x29 common/libcommon.a(exports.o)
 .ARM.attributes
                0x00000817       0x29 common/libcommon.a(hush.o)
 .ARM.attributes
                0x00000840       0x29 common/libcommon.a(image.o)
 .ARM.attributes
                0x00000869       0x29 common/libcommon.a(main.o)
 .ARM.attributes
                0x00000892       0x29 common/libcommon.a(s_record.o)
 .ARM.attributes
                0x000008bb       0x29 common/libcommon.a(stdio.o)
 .ARM.attributes
                0x000008e4       0x29 common/libcommon.a(usb.o)
 .ARM.attributes
                0x0000090d       0x29 common/libcommon.a(usb_storage.o)
 .ARM.attributes
                0x00000936       0x29 common/libcommon.a(xyzModem.o)
 .ARM.attributes
                0x0000095f       0x29 board/ti/beagle/libbeagle.a(beagle.o)
 .ARM.attributes
                0x00000988       0x27 lib/libgeneric.a(crc16.o)
 .ARM.attributes
                0x000009af       0x27 lib/libgeneric.a(crc32.o)
 .ARM.attributes
                0x000009d6       0x27 lib/libgeneric.a(ctype.o)
 .ARM.attributes
                0x000009fd       0x27 lib/libgeneric.a(display_options.o)
 .ARM.attributes
                0x00000a24       0x27 lib/libgeneric.a(gunzip.o)
 .ARM.attributes
                0x00000a4b       0x27 lib/libgeneric.a(net_utils.o)
 .ARM.attributes
                0x00000a72       0x29 lib/libgeneric.a(string.o)
 .ARM.attributes
                0x00000a9b       0x27 lib/libgeneric.a(time.o)
 .ARM.attributes
                0x00000ac2       0x29 lib/libgeneric.a(vsprintf.o)
 .ARM.attributes
                0x00000aeb       0x27 lib/libgeneric.a(zlib.o)
 .ARM.attributes
                0x00000b12       0x27 lib/libgeneric.a(div64.o)
 .ARM.attributes
                0x00000b39       0x29 arch/arm/cpu/arm_cortexa8/omap3/libomap3.a(gpio.o)
 .ARM.attributes
                0x00000b62       0x29 arch/arm/cpu/arm_cortexa8/omap3/libomap3.a(timer.o)
 .ARM.attributes
                0x00000b8b       0x17 arch/arm/cpu/arm_cortexa8/omap3/libomap3.a(reset.o)
 .ARM.attributes
                0x00000ba2       0x27 arch/arm/lib/libarm.a(bootm.o)
 .ARM.attributes
                0x00000bc9       0x29 arch/arm/lib/libarm.a(cache.o)
 .ARM.attributes
                0x00000bf2       0x27 arch/arm/lib/libarm.a(reset.o)
 .ARM.attributes
                0x00000c19       0x29 fs/fat/libfat.a(fat.o)
 .ARM.attributes
                0x00000c42       0x29 fs/jffs2/libjffs2.a(jffs2_1pass.o)
 .ARM.attributes
                0x00000c6b       0x27 fs/jffs2/libjffs2.a(compr_rtime.o)
 .ARM.attributes
                0x00000c92       0x27 fs/jffs2/libjffs2.a(compr_rubin.o)
 .ARM.attributes
                0x00000cb9       0x27 fs/jffs2/libjffs2.a(compr_zlib.o)
 .ARM.attributes
                0x00000ce0       0x29 fs/jffs2/libjffs2.a(mini_inflate.o)
 .ARM.attributes
                0x00000d09       0x29 fs/ext2/libext2fs.a(ext2fs.o)
 .ARM.attributes
                0x00000d32       0x27 fs/ext2/libext2fs.a(dev.o)
 .ARM.attributes
                0x00000d59       0x27 disk/libdisk.a(part.o)
 .ARM.attributes
                0x00000d80       0x29 disk/libdisk.a(part_dos.o)
 .ARM.attributes
                0x00000da9       0x27 drivers/misc/libmisc.a(twl4030_led.o)
 .ARM.attributes
                0x00000dd0       0x29 drivers/mmc/libmmc.a(omap3_mmc.o)
 .ARM.attributes
                0x00000df9       0x29 drivers/mtd/libmtd.a(mtdcore.o)
 .ARM.attributes
                0x00000e22       0x29 drivers/mtd/nand/libnand.a(nand_util.o)
 .ARM.attributes
                0x00000e4b       0x27 drivers/power/libpower.a(twl4030.o)
 .ARM.attributes
                0x00000e72       0x29 drivers/usb/musb/libusb_musb.a(musb_hcd.o)
 .ARM.attributes
                0x00000e9b       0x29 drivers/usb/musb/libusb_musb.a(musb_core.o)
 .ARM.attributes
                0x00000ec4       0x29 drivers/usb/musb/libusb_musb.a(omap3.o)
 .ARM.attributes
                0x00000eed       0x27 drivers/usb/phy/libusb_phy.a(twl4030.o)
 .ARM.attributes
                0x00000f14       0x27 arch/arm/cpu/arm_cortexa8/libarm_cortexa8.a(cpu.o)
 .ARM.attributes
                0x00000f3b       0x29 /home/ourselec/mtp3730_linux/psp/u-boot-2010.06-psp04.02.00.07.sdk/arch/arm/lib/eabi_compat.o
 .ARM.attributes
                0x00000f64       0x16 /home/ourselec/mtp3730_linux/psp/arm-2009q1/bin/../lib/gcc/arm-none-linux-gnueabi/4.3.3/libgcc.a(_udivsi3.o)
 .ARM.attributes
                0x00000f7a       0x16 /home/ourselec/mtp3730_linux/psp/arm-2009q1/bin/../lib/gcc/arm-none-linux-gnueabi/4.3.3/libgcc.a(_divsi3.o)
 .ARM.attributes
                0x00000f90       0x16 /home/ourselec/mtp3730_linux/psp/arm-2009q1/bin/../lib/gcc/arm-none-linux-gnueabi/4.3.3/libgcc.a(_lshrdi3.o)
 .ARM.attributes
                0x00000fa6       0x16 /home/ourselec/mtp3730_linux/psp/arm-2009q1/bin/../lib/gcc/arm-none-linux-gnueabi/4.3.3/libgcc.a(_ashrdi3.o)
 .ARM.attributes
                0x00000fbc       0x16 /home/ourselec/mtp3730_linux/psp/arm-2009q1/bin/../lib/gcc/arm-none-linux-gnueabi/4.3.3/libgcc.a(_ashldi3.o)
 .ARM.attributes
                0x00000fd2       0x14 /home/ourselec/mtp3730_linux/psp/arm-2009q1/bin/../lib/gcc/arm-none-linux-gnueabi/4.3.3/libgcc.a(_dvmd_lnx.o)

.comment        0x00000000     0x1020
 .comment       0x00000000       0x2b arch/arm/cpu/arm_cortexa8/omap3/libomap3.a(board.o)
 .comment       0x0000002b       0x2b arch/arm/cpu/arm_cortexa8/omap3/libomap3.a(clock.o)
 .comment       0x00000056       0x2b arch/arm/cpu/arm_cortexa8/omap3/libomap3.a(syslib.o)
 .comment       0x00000081       0x2b arch/arm/cpu/arm_cortexa8/omap3/libomap3.a(sys_info.o)
 .comment       0x000000ac       0x2b arch/arm/cpu/arm_cortexa8/omap3/libomap3.a(sdrc.o)
 .comment       0x000000d7       0x2b arch/arm/cpu/arm_cortexa8/omap3/libomap3.a(mem.o)
 .comment       0x00000102       0x2b arch/arm/lib/libarm.a(board.o)
 .comment       0x0000012d       0x2b arch/arm/lib/libarm.a(cache-cp15.o)
 .comment       0x00000158       0x2b arch/arm/lib/libarm.a(interrupts.o)
 .comment       0x00000183       0x2b drivers/i2c/libi2c.a(omap24xx_i2c.o)
 .comment       0x000001ae       0x2b drivers/mtd/nand/libnand.a(nand.o)
 .comment       0x000001d9       0x2b drivers/mtd/nand/libnand.a(nand_base.o)
 .comment       0x00000204       0x2b drivers/mtd/nand/libnand.a(nand_bbt.o)
 .comment       0x0000022f       0x2b drivers/mtd/nand/libnand.a(nand_ecc.o)
 .comment       0x0000025a       0x2b drivers/mtd/nand/libnand.a(nand_ids.o)
 .comment       0x00000285       0x2b drivers/mtd/nand/libnand.a(omap_gpmc.o)
 .comment       0x000002b0       0x2b drivers/mtd/nand/libnand.a(omap_bch_soft.o)
 .comment       0x000002db       0x2b drivers/mtd/nand/libnand.a(omap_bch_decoder.o)
 .comment       0x00000306       0x2b drivers/serial/libserial.a(serial.o)
 .comment       0x00000331       0x2b drivers/serial/libserial.a(ns16550.o)
 .comment       0x0000035c       0x2b common/libcommon.a(cmd_bdinfo.o)
 .comment       0x00000387       0x2b common/libcommon.a(cmd_boot.o)
 .comment       0x000003b2       0x2b common/libcommon.a(cmd_bootm.o)
 .comment       0x000003dd       0x2b common/libcommon.a(cmd_console.o)
 .comment       0x00000408       0x2b common/libcommon.a(cmd_echo.o)
 .comment       0x00000433       0x2b common/libcommon.a(cmd_exit.o)
 .comment       0x0000045e       0x2b common/libcommon.a(cmd_ext2.o)
 .comment       0x00000489       0x2b common/libcommon.a(cmd_fat.o)
 .comment       0x000004b4       0x2b common/libcommon.a(cmd_help.o)
 .comment       0x000004df       0x2b common/libcommon.a(cmd_i2c.o)
 .comment       0x0000050a       0x2b common/libcommon.a(cmd_itest.o)
 .comment       0x00000535       0x2b common/libcommon.a(cmd_jffs2.o)
 .comment       0x00000560       0x2b common/libcommon.a(cmd_load.o)
 .comment       0x0000058b       0x2b common/libcommon.a(cmd_mem.o)
 .comment       0x000005b6       0x2b common/libcommon.a(cmd_misc.o)
 .comment       0x000005e1       0x2b common/libcommon.a(cmd_mmc.o)
 .comment       0x0000060c       0x2b common/libcommon.a(cmd_mtdparts.o)
 .comment       0x00000637       0x2b common/libcommon.a(cmd_nand.o)
 .comment       0x00000662       0x2b common/libcommon.a(cmd_nvedit.o)
 .comment       0x0000068d       0x2b common/libcommon.a(cmd_source.o)
 .comment       0x000006b8       0x2b common/libcommon.a(cmd_test.o)
 .comment       0x000006e3       0x2b common/libcommon.a(cmd_usb.o)
 .comment       0x0000070e       0x2b common/libcommon.a(cmd_version.o)
 .comment       0x00000739       0x2b common/libcommon.a(cmd_ximg.o)
 .comment       0x00000764       0x2b common/libcommon.a(command.o)
 .comment       0x0000078f       0x2b common/libcommon.a(console.o)
 .comment       0x000007ba       0x2b common/libcommon.a(dlmalloc.o)
 .comment       0x000007e5       0x2b common/libcommon.a(env_common.o)
 .comment       0x00000810       0x2b common/libcommon.a(env_nand.o)
 .comment       0x0000083b       0x2b common/libcommon.a(exports.o)
 .comment       0x00000866       0x2b common/libcommon.a(hush.o)
 .comment       0x00000891       0x2b common/libcommon.a(image.o)
 .comment       0x000008bc       0x2b common/libcommon.a(main.o)
 .comment       0x000008e7       0x2b common/libcommon.a(s_record.o)
 .comment       0x00000912       0x2b common/libcommon.a(stdio.o)
 .comment       0x0000093d       0x2b common/libcommon.a(usb.o)
 .comment       0x00000968       0x2b common/libcommon.a(usb_storage.o)
 .comment       0x00000993       0x2b common/libcommon.a(xyzModem.o)
 .comment       0x000009be       0x2b board/ti/beagle/libbeagle.a(beagle.o)
 .comment       0x000009e9       0x2b lib/libgeneric.a(crc16.o)
 .comment       0x00000a14       0x2b lib/libgeneric.a(crc32.o)
 .comment       0x00000a3f       0x2b lib/libgeneric.a(ctype.o)
 .comment       0x00000a6a       0x2b lib/libgeneric.a(display_options.o)
 .comment       0x00000a95       0x2b lib/libgeneric.a(gunzip.o)
 .comment       0x00000ac0       0x2b lib/libgeneric.a(net_utils.o)
 .comment       0x00000aeb       0x2b lib/libgeneric.a(string.o)
 .comment       0x00000b16       0x2b lib/libgeneric.a(time.o)
 .comment       0x00000b41       0x2b lib/libgeneric.a(vsprintf.o)
 .comment       0x00000b6c       0x2b lib/libgeneric.a(zlib.o)
 .comment       0x00000b97       0x2b lib/libgeneric.a(div64.o)
 .comment       0x00000bc2       0x2b arch/arm/cpu/arm_cortexa8/omap3/libomap3.a(gpio.o)